dataset_dir: /project/6105494/shared/data/
dataset_name: CelebAHQ
global_batch_size: 8
workers: 4
resolution: 256
channels: 3
codebook_size: 256
codebook_dim: 8
project_dim: 16
pq: 2
L: 4
alpha: 1.0
beta: 0.2
gamma: 0.5
VQ: mmd_vq
epochs: 30
eval_epochs: 5
lr: 0.0001
dropout: 0.0
seed: 3407
weight_decay: 1e-05
checkpoint_dir: /project/6105494/sunset/VQ-Projects/Rate-Distortion-Perspective/Pixel-Space/checkpoint/CelebAHQ
results_dir: /project/6105494/sunset/VQ-Projects/Rate-Distortion-Perspective/Pixel-Space/results/CelebAHQ
saver_dir: /project/6105494/sunset/VQ-Projects/Rate-Distortion-Perspective/Pixel-Space/saver/CelebAHQ
reconstruction_dir: /project/6105494/sunset/VQ-Projects/Rate-Distortion-Perspective/Pixel-Space/reconstruction/CelebAHQ
yaml_dir: /project/6105494/sunset/VQ-Projects/Rate-Distortion-Perspective/Pixel-Space/yaml/CelebAHQ
nnodes: -1
node_rank: -1
local_rank: 0
dist_url: tcp://224.66.41.62:23456
dist_backend: nccl
world_size: 2
batch_size: 4
data_pre: CelebAHQ
model_pre: model_256_8_2
loss_pre: loss_1.0_0.2_0.5
training_pre: mmd_vq
saver_name_pre: mmd_vq_CelebAHQ_model_256_8_2_loss_1.0_0.2_0.5
| distributed init (rank 0): env://
| distributed init (rank 1): env://
loaded pretrained LPIPS loss from /project/6105494/sunset/VQ-Projects/Rate-Distortion-Perspective/Pixel-Space/code/models/cache/vgg.pth
dataset name: CelebAHQ
len train_set: 30000
len val_set: 30000
Start training...
epoch:1, cur_lr:0.000100
Train Epoch: [1/30] Iters:[10/3750] loss 8.9703, rec_loss 0.5433, p_loss 0.8081, utilization 0.0062, perplexity 42.2336,
Train Epoch: [1/30] Iters:[20/3750] loss 23.0638, rec_loss 0.4641, p_loss 0.7850, utilization 0.0037, perplexity 22.9674,
Train Epoch: [1/30] Iters:[30/3750] loss 49.9756, rec_loss 0.4098, p_loss 0.7682, utilization 0.0027, perplexity 16.3185,
Train Epoch: [1/30] Iters:[40/3750] loss 92.5260, rec_loss 0.3578, p_loss 0.7528, utilization 0.0022, perplexity 12.7898,
Train Epoch: [1/30] Iters:[50/3750] loss 116.1101, rec_loss 0.3156, p_loss 0.7385, utilization 0.0018, perplexity 10.7312,
Train Epoch: [1/30] Iters:[60/3750] loss 118.0341, rec_loss 0.2991, p_loss 0.7185, utilization 0.0007, perplexity 3.1366,
Train Epoch: [1/30] Iters:[70/3750] loss 120.2275, rec_loss 0.2435, p_loss 0.7046, utilization 0.0006, perplexity 3.0664,
Train Epoch: [1/30] Iters:[80/3750] loss 110.5596, rec_loss 0.2075, p_loss 0.6984, utilization 0.0006, perplexity 3.1914,
Train Epoch: [1/30] Iters:[90/3750] loss 83.6698, rec_loss 0.1893, p_loss 0.6998, utilization 0.0005, perplexity 3.4681,
Train Epoch: [1/30] Iters:[100/3750] loss 44.6044, rec_loss 0.1819, p_loss 0.7033, utilization 0.0006, perplexity 3.8954,
Train Epoch: [1/30] Iters:[110/3750] loss 44.7966, rec_loss 0.1092, p_loss 0.7030, utilization 0.0005, perplexity 3.9314,
Train Epoch: [1/30] Iters:[120/3750] loss 38.9049, rec_loss 0.1066, p_loss 0.7017, utilization 0.0005, perplexity 4.1153,
Train Epoch: [1/30] Iters:[130/3750] loss 30.2501, rec_loss 0.1054, p_loss 0.7044, utilization 0.0004, perplexity 4.2479,
Train Epoch: [1/30] Iters:[140/3750] loss 15.7696, rec_loss 0.1025, p_loss 0.7036, utilization 0.0004, perplexity 4.4398,
Train Epoch: [1/30] Iters:[150/3750] loss 14.6834, rec_loss 0.0968, p_loss 0.7011, utilization 0.0003, perplexity 4.4805,
Train Epoch: [1/30] Iters:[160/3750] loss 12.0822, rec_loss 0.0953, p_loss 0.6947, utilization 0.0003, perplexity 4.6636,
Train Epoch: [1/30] Iters:[170/3750] loss 10.6913, rec_loss 0.0913, p_loss 0.6923, utilization 0.0003, perplexity 4.7913,
Train Epoch: [1/30] Iters:[180/3750] loss 11.1163, rec_loss 0.0821, p_loss 0.6803, utilization 0.0003, perplexity 4.8847,
Train Epoch: [1/30] Iters:[190/3750] loss 10.6597, rec_loss 0.0760, p_loss 0.6697, utilization 0.0004, perplexity 5.0914,
Train Epoch: [1/30] Iters:[200/3750] loss 10.3135, rec_loss 0.0732, p_loss 0.6642, utilization 0.0004, perplexity 5.3295,
Train Epoch: [1/30] Iters:[210/3750] loss 11.5913, rec_loss 0.0678, p_loss 0.6596, utilization 0.0005, perplexity 5.5655,
Train Epoch: [1/30] Iters:[220/3750] loss 11.5603, rec_loss 0.0668, p_loss 0.6544, utilization 0.0005, perplexity 5.9741,
Train Epoch: [1/30] Iters:[230/3750] loss 10.7145, rec_loss 0.0662, p_loss 0.6495, utilization 0.0005, perplexity 6.7044,
Train Epoch: [1/30] Iters:[240/3750] loss 9.8439, rec_loss 0.0637, p_loss 0.6420, utilization 0.0005, perplexity 7.2020,
Train Epoch: [1/30] Iters:[250/3750] loss 10.8624, rec_loss 0.0599, p_loss 0.6348, utilization 0.0004, perplexity 7.3979,
Train Epoch: [1/30] Iters:[260/3750] loss 9.7281, rec_loss 0.0617, p_loss 0.6270, utilization 0.0004, perplexity 7.7263,
Train Epoch: [1/30] Iters:[270/3750] loss 8.5490, rec_loss 0.0622, p_loss 0.6152, utilization 0.0005, perplexity 8.1226,
Train Epoch: [1/30] Iters:[280/3750] loss 7.9616, rec_loss 0.0594, p_loss 0.6013, utilization 0.0005, perplexity 8.0905,
Train Epoch: [1/30] Iters:[290/3750] loss 7.8663, rec_loss 0.0575, p_loss 0.5852, utilization 0.0005, perplexity 8.1236,
Train Epoch: [1/30] Iters:[300/3750] loss 6.2888, rec_loss 0.0575, p_loss 0.5650, utilization 0.0006, perplexity 8.6145,
Train Epoch: [1/30] Iters:[310/3750] loss 5.9119, rec_loss 0.0527, p_loss 0.5482, utilization 0.0006, perplexity 8.8251,
Train Epoch: [1/30] Iters:[320/3750] loss 6.2435, rec_loss 0.0477, p_loss 0.5336, utilization 0.0006, perplexity 8.9154,
Train Epoch: [1/30] Iters:[330/3750] loss 5.9358, rec_loss 0.0465, p_loss 0.5247, utilization 0.0006, perplexity 8.9758,
Train Epoch: [1/30] Iters:[340/3750] loss 6.1174, rec_loss 0.0480, p_loss 0.5177, utilization 0.0007, perplexity 9.0686,
Train Epoch: [1/30] Iters:[350/3750] loss 6.7303, rec_loss 0.0486, p_loss 0.5125, utilization 0.0007, perplexity 9.1333,
Train Epoch: [1/30] Iters:[360/3750] loss 7.2949, rec_loss 0.0477, p_loss 0.5064, utilization 0.0008, perplexity 9.2937,
Train Epoch: [1/30] Iters:[370/3750] loss 7.0737, rec_loss 0.0487, p_loss 0.5022, utilization 0.0008, perplexity 9.4846,
Train Epoch: [1/30] Iters:[380/3750] loss 7.3622, rec_loss 0.0472, p_loss 0.4936, utilization 0.0009, perplexity 9.9336,
Train Epoch: [1/30] Iters:[390/3750] loss 7.3896, rec_loss 0.0454, p_loss 0.4902, utilization 0.0009, perplexity 10.4378,
Train Epoch: [1/30] Iters:[400/3750] loss 7.1695, rec_loss 0.0443, p_loss 0.4864, utilization 0.0010, perplexity 10.7585,
Train Epoch: [1/30] Iters:[410/3750] loss 6.5974, rec_loss 0.0437, p_loss 0.4775, utilization 0.0010, perplexity 11.3133,
Train Epoch: [1/30] Iters:[420/3750] loss 6.5587, rec_loss 0.0419, p_loss 0.4731, utilization 0.0010, perplexity 11.6815,
Train Epoch: [1/30] Iters:[430/3750] loss 6.3246, rec_loss 0.0425, p_loss 0.4686, utilization 0.0011, perplexity 12.2829,
Train Epoch: [1/30] Iters:[440/3750] loss 5.9171, rec_loss 0.0426, p_loss 0.4609, utilization 0.0011, perplexity 12.8926,
Train Epoch: [1/30] Iters:[450/3750] loss 5.6392, rec_loss 0.0410, p_loss 0.4544, utilization 0.0011, perplexity 13.5871,
Train Epoch: [1/30] Iters:[460/3750] loss 5.6788, rec_loss 0.0407, p_loss 0.4508, utilization 0.0011, perplexity 14.1082,
Train Epoch: [1/30] Iters:[470/3750] loss 5.5187, rec_loss 0.0396, p_loss 0.4438, utilization 0.0012, perplexity 14.8247,
Train Epoch: [1/30] Iters:[480/3750] loss 5.4680, rec_loss 0.0390, p_loss 0.4406, utilization 0.0012, perplexity 15.2010,
Train Epoch: [1/30] Iters:[490/3750] loss 5.4709, rec_loss 0.0383, p_loss 0.4401, utilization 0.0012, perplexity 15.7639,
Train Epoch: [1/30] Iters:[500/3750] loss 5.3872, rec_loss 0.0379, p_loss 0.4361, utilization 0.0012, perplexity 16.1091,
Train Epoch: [1/30] Iters:[510/3750] loss 5.3393, rec_loss 0.0379, p_loss 0.4353, utilization 0.0012, perplexity 16.4446,
Train Epoch: [1/30] Iters:[520/3750] loss 5.3833, rec_loss 0.0381, p_loss 0.4327, utilization 0.0013, perplexity 16.8313,
Train Epoch: [1/30] Iters:[530/3750] loss 5.2203, rec_loss 0.0379, p_loss 0.4278, utilization 0.0013, perplexity 17.6250,
Train Epoch: [1/30] Iters:[540/3750] loss 5.1238, rec_loss 0.0373, p_loss 0.4239, utilization 0.0013, perplexity 17.7866,
Train Epoch: [1/30] Iters:[550/3750] loss 5.0553, rec_loss 0.0376, p_loss 0.4199, utilization 0.0014, perplexity 18.1083,
Train Epoch: [1/30] Iters:[560/3750] loss 4.8932, rec_loss 0.0382, p_loss 0.4157, utilization 0.0014, perplexity 18.9937,
Train Epoch: [1/30] Iters:[570/3750] loss 4.7613, rec_loss 0.0386, p_loss 0.4161, utilization 0.0014, perplexity 19.6069,
Train Epoch: [1/30] Iters:[580/3750] loss 4.7295, rec_loss 0.0375, p_loss 0.4159, utilization 0.0015, perplexity 19.8280,
Train Epoch: [1/30] Iters:[590/3750] loss 4.7031, rec_loss 0.0373, p_loss 0.4126, utilization 0.0015, perplexity 20.7375,
Train Epoch: [1/30] Iters:[600/3750] loss 4.5143, rec_loss 0.0361, p_loss 0.4116, utilization 0.0015, perplexity 21.6261,
Train Epoch: [1/30] Iters:[610/3750] loss 4.4021, rec_loss 0.0347, p_loss 0.4090, utilization 0.0016, perplexity 21.4825,
Train Epoch: [1/30] Iters:[620/3750] loss 4.2600, rec_loss 0.0349, p_loss 0.4073, utilization 0.0016, perplexity 22.0141,
Train Epoch: [1/30] Iters:[630/3750] loss 4.0273, rec_loss 0.0344, p_loss 0.4013, utilization 0.0016, perplexity 22.4617,
Train Epoch: [1/30] Iters:[640/3750] loss 3.8809, rec_loss 0.0331, p_loss 0.3977, utilization 0.0017, perplexity 22.7726,
Train Epoch: [1/30] Iters:[650/3750] loss 3.8350, rec_loss 0.0325, p_loss 0.3946, utilization 0.0018, perplexity 23.4941,
Train Epoch: [1/30] Iters:[660/3750] loss 3.7557, rec_loss 0.0319, p_loss 0.3914, utilization 0.0018, perplexity 24.6241,
Train Epoch: [1/30] Iters:[670/3750] loss 3.6148, rec_loss 0.0291, p_loss 0.3839, utilization 0.0019, perplexity 25.0825,
Train Epoch: [1/30] Iters:[680/3750] loss 3.6447, rec_loss 0.0293, p_loss 0.3847, utilization 0.0020, perplexity 25.8624,
Train Epoch: [1/30] Iters:[690/3750] loss 3.6244, rec_loss 0.0297, p_loss 0.3861, utilization 0.0020, perplexity 26.4444,
Train Epoch: [1/30] Iters:[700/3750] loss 3.5337, rec_loss 0.0297, p_loss 0.3867, utilization 0.0020, perplexity 26.9055,
Train Epoch: [1/30] Iters:[710/3750] loss 3.5043, rec_loss 0.0293, p_loss 0.3853, utilization 0.0021, perplexity 27.5105,
Train Epoch: [1/30] Iters:[720/3750] loss 3.4346, rec_loss 0.0296, p_loss 0.3848, utilization 0.0021, perplexity 28.1511,
Train Epoch: [1/30] Iters:[730/3750] loss 3.3626, rec_loss 0.0293, p_loss 0.3832, utilization 0.0021, perplexity 28.5713,
Train Epoch: [1/30] Iters:[740/3750] loss 3.2312, rec_loss 0.0297, p_loss 0.3811, utilization 0.0022, perplexity 29.3254,
Train Epoch: [1/30] Iters:[750/3750] loss 3.1309, rec_loss 0.0295, p_loss 0.3765, utilization 0.0023, perplexity 30.0921,
Train Epoch: [1/30] Iters:[760/3750] loss 3.0746, rec_loss 0.0294, p_loss 0.3764, utilization 0.0023, perplexity 30.2392,
Train Epoch: [1/30] Iters:[770/3750] loss 3.0139, rec_loss 0.0291, p_loss 0.3733, utilization 0.0025, perplexity 31.2434,
Train Epoch: [1/30] Iters:[780/3750] loss 3.0196, rec_loss 0.0288, p_loss 0.3734, utilization 0.0025, perplexity 32.4654,
Train Epoch: [1/30] Iters:[790/3750] loss 3.0181, rec_loss 0.0279, p_loss 0.3712, utilization 0.0026, perplexity 33.4337,
Train Epoch: [1/30] Iters:[800/3750] loss 2.9663, rec_loss 0.0275, p_loss 0.3709, utilization 0.0027, perplexity 33.8164,
Train Epoch: [1/30] Iters:[810/3750] loss 2.9533, rec_loss 0.0275, p_loss 0.3714, utilization 0.0027, perplexity 34.3500,
Train Epoch: [1/30] Iters:[820/3750] loss 3.0189, rec_loss 0.0275, p_loss 0.3743, utilization 0.0027, perplexity 34.4768,
Train Epoch: [1/30] Iters:[830/3750] loss 2.8585, rec_loss 0.0278, p_loss 0.3701, utilization 0.0028, perplexity 34.5938,
Train Epoch: [1/30] Iters:[840/3750] loss 2.7496, rec_loss 0.0268, p_loss 0.3663, utilization 0.0028, perplexity 34.2396,
Train Epoch: [1/30] Iters:[850/3750] loss 2.8022, rec_loss 0.0279, p_loss 0.3688, utilization 0.0028, perplexity 35.0413,
Train Epoch: [1/30] Iters:[860/3750] loss 2.6969, rec_loss 0.0278, p_loss 0.3669, utilization 0.0029, perplexity 35.6835,
Train Epoch: [1/30] Iters:[870/3750] loss 2.6125, rec_loss 0.0275, p_loss 0.3610, utilization 0.0032, perplexity 36.2899,
Train Epoch: [1/30] Iters:[880/3750] loss 2.6236, rec_loss 0.0265, p_loss 0.3623, utilization 0.0031, perplexity 37.2624,
Train Epoch: [1/30] Iters:[890/3750] loss 2.6137, rec_loss 0.0284, p_loss 0.3630, utilization 0.0033, perplexity 38.6112,
Train Epoch: [1/30] Iters:[900/3750] loss 2.5715, rec_loss 0.0276, p_loss 0.3552, utilization 0.0033, perplexity 37.8885,
Train Epoch: [1/30] Iters:[910/3750] loss 2.5842, rec_loss 0.0271, p_loss 0.3521, utilization 0.0033, perplexity 39.0823,
Train Epoch: [1/30] Iters:[920/3750] loss 2.5358, rec_loss 0.0268, p_loss 0.3533, utilization 0.0034, perplexity 39.8949,
Train Epoch: [1/30] Iters:[930/3750] loss 2.4946, rec_loss 0.0272, p_loss 0.3502, utilization 0.0036, perplexity 40.6972,
Train Epoch: [1/30] Iters:[940/3750] loss 2.4375, rec_loss 0.0255, p_loss 0.3467, utilization 0.0036, perplexity 41.4564,
Train Epoch: [1/30] Iters:[950/3750] loss 2.3514, rec_loss 0.0248, p_loss 0.3463, utilization 0.0037, perplexity 43.7046,
Train Epoch: [1/30] Iters:[960/3750] loss 2.2533, rec_loss 0.0243, p_loss 0.3427, utilization 0.0039, perplexity 44.2593,
Train Epoch: [1/30] Iters:[970/3750] loss 2.1854, rec_loss 0.0240, p_loss 0.3386, utilization 0.0040, perplexity 45.4272,
Train Epoch: [1/30] Iters:[980/3750] loss 2.1299, rec_loss 0.0234, p_loss 0.3357, utilization 0.0041, perplexity 46.6541,
Train Epoch: [1/30] Iters:[990/3750] loss 2.0751, rec_loss 0.0227, p_loss 0.3330, utilization 0.0042, perplexity 47.5195,
Train Epoch: [1/30] Iters:[1000/3750] loss 2.0801, rec_loss 0.0230, p_loss 0.3343, utilization 0.0045, perplexity 48.2662,
Train Epoch: [1/30] Iters:[1010/3750] loss 2.0983, rec_loss 0.0235, p_loss 0.3348, utilization 0.0046, perplexity 49.6389,
Train Epoch: [1/30] Iters:[1020/3750] loss 2.1058, rec_loss 0.0231, p_loss 0.3350, utilization 0.0046, perplexity 50.4050,
Train Epoch: [1/30] Iters:[1030/3750] loss 2.1112, rec_loss 0.0231, p_loss 0.3343, utilization 0.0047, perplexity 51.3668,
Train Epoch: [1/30] Iters:[1040/3750] loss 2.1551, rec_loss 0.0233, p_loss 0.3333, utilization 0.0048, perplexity 51.5941,
Train Epoch: [1/30] Iters:[1050/3750] loss 2.1216, rec_loss 0.0224, p_loss 0.3283, utilization 0.0049, perplexity 53.2750,
Train Epoch: [1/30] Iters:[1060/3750] loss 2.0680, rec_loss 0.0215, p_loss 0.3256, utilization 0.0050, perplexity 53.9811,
Train Epoch: [1/30] Iters:[1070/3750] loss 2.0230, rec_loss 0.0215, p_loss 0.3238, utilization 0.0052, perplexity 55.4302,
Train Epoch: [1/30] Iters:[1080/3750] loss 2.0134, rec_loss 0.0213, p_loss 0.3217, utilization 0.0054, perplexity 55.9104,
Train Epoch: [1/30] Iters:[1090/3750] loss 1.9685, rec_loss 0.0205, p_loss 0.3220, utilization 0.0056, perplexity 58.0815,
Train Epoch: [1/30] Iters:[1100/3750] loss 1.9455, rec_loss 0.0206, p_loss 0.3232, utilization 0.0057, perplexity 59.9758,
Train Epoch: [1/30] Iters:[1110/3750] loss 1.9482, rec_loss 0.0202, p_loss 0.3210, utilization 0.0058, perplexity 60.8469,
Train Epoch: [1/30] Iters:[1120/3750] loss 1.9386, rec_loss 0.0197, p_loss 0.3193, utilization 0.0059, perplexity 61.6221,
Train Epoch: [1/30] Iters:[1130/3750] loss 1.8967, rec_loss 0.0201, p_loss 0.3164, utilization 0.0060, perplexity 63.3245,
Train Epoch: [1/30] Iters:[1140/3750] loss 1.8841, rec_loss 0.0208, p_loss 0.3122, utilization 0.0062, perplexity 65.0894,
Train Epoch: [1/30] Iters:[1150/3750] loss 1.8400, rec_loss 0.0202, p_loss 0.3125, utilization 0.0063, perplexity 65.6054,
Train Epoch: [1/30] Iters:[1160/3750] loss 1.8176, rec_loss 0.0202, p_loss 0.3106, utilization 0.0065, perplexity 68.6058,
Train Epoch: [1/30] Iters:[1170/3750] loss 1.8021, rec_loss 0.0201, p_loss 0.3082, utilization 0.0067, perplexity 71.1083,
Train Epoch: [1/30] Iters:[1180/3750] loss 1.7870, rec_loss 0.0190, p_loss 0.3076, utilization 0.0069, perplexity 72.5002,
Train Epoch: [1/30] Iters:[1190/3750] loss 1.7310, rec_loss 0.0185, p_loss 0.3092, utilization 0.0071, perplexity 73.8034,
Train Epoch: [1/30] Iters:[1200/3750] loss 1.7361, rec_loss 0.0189, p_loss 0.3045, utilization 0.0073, perplexity 74.7509,
Train Epoch: [1/30] Iters:[1210/3750] loss 1.7120, rec_loss 0.0189, p_loss 0.3040, utilization 0.0074, perplexity 75.1654,
Train Epoch: [1/30] Iters:[1220/3750] loss 1.7115, rec_loss 0.0188, p_loss 0.3029, utilization 0.0075, perplexity 74.8851,
Train Epoch: [1/30] Iters:[1230/3750] loss 1.7022, rec_loss 0.0187, p_loss 0.3006, utilization 0.0076, perplexity 77.3458,
Train Epoch: [1/30] Iters:[1240/3750] loss 1.7253, rec_loss 0.0199, p_loss 0.2985, utilization 0.0077, perplexity 79.1696,
Train Epoch: [1/30] Iters:[1250/3750] loss 1.7202, rec_loss 0.0201, p_loss 0.2985, utilization 0.0078, perplexity 81.1359,
Train Epoch: [1/30] Iters:[1260/3750] loss 1.6996, rec_loss 0.0200, p_loss 0.2970, utilization 0.0079, perplexity 83.2434,
Train Epoch: [1/30] Iters:[1270/3750] loss 1.6861, rec_loss 0.0204, p_loss 0.2963, utilization 0.0081, perplexity 85.8941,
Train Epoch: [1/30] Iters:[1280/3750] loss 1.6901, rec_loss 0.0202, p_loss 0.2966, utilization 0.0082, perplexity 87.1719,
Train Epoch: [1/30] Iters:[1290/3750] loss 1.6608, rec_loss 0.0185, p_loss 0.2922, utilization 0.0083, perplexity 89.2368,
Train Epoch: [1/30] Iters:[1300/3750] loss 1.6303, rec_loss 0.0178, p_loss 0.2903, utilization 0.0084, perplexity 91.0437,
Train Epoch: [1/30] Iters:[1310/3750] loss 1.6450, rec_loss 0.0176, p_loss 0.2901, utilization 0.0085, perplexity 93.0871,
Train Epoch: [1/30] Iters:[1320/3750] loss 1.6167, rec_loss 0.0171, p_loss 0.2878, utilization 0.0087, perplexity 97.5473,
Train Epoch: [1/30] Iters:[1330/3750] loss 1.5596, rec_loss 0.0173, p_loss 0.2904, utilization 0.0091, perplexity 99.8984,
Train Epoch: [1/30] Iters:[1340/3750] loss 1.5597, rec_loss 0.0175, p_loss 0.2908, utilization 0.0092, perplexity 99.7532,
Train Epoch: [1/30] Iters:[1350/3750] loss 1.5622, rec_loss 0.0183, p_loss 0.2899, utilization 0.0093, perplexity 101.6843,
Train Epoch: [1/30] Iters:[1360/3750] loss 1.5227, rec_loss 0.0183, p_loss 0.2868, utilization 0.0095, perplexity 105.0290,
Train Epoch: [1/30] Iters:[1370/3750] loss 1.5260, rec_loss 0.0180, p_loss 0.2878, utilization 0.0095, perplexity 104.5922,
Train Epoch: [1/30] Iters:[1380/3750] loss 1.5448, rec_loss 0.0179, p_loss 0.2836, utilization 0.0096, perplexity 104.6173,
Train Epoch: [1/30] Iters:[1390/3750] loss 1.5287, rec_loss 0.0178, p_loss 0.2837, utilization 0.0097, perplexity 108.5736,
Train Epoch: [1/30] Iters:[1400/3750] loss 1.5092, rec_loss 0.0167, p_loss 0.2816, utilization 0.0099, perplexity 110.7402,
Train Epoch: [1/30] Iters:[1410/3750] loss 1.5379, rec_loss 0.0163, p_loss 0.2833, utilization 0.0100, perplexity 109.2721,
Train Epoch: [1/30] Iters:[1420/3750] loss 1.5079, rec_loss 0.0163, p_loss 0.2796, utilization 0.0102, perplexity 113.2066,
Train Epoch: [1/30] Iters:[1430/3750] loss 1.5020, rec_loss 0.0165, p_loss 0.2784, utilization 0.0102, perplexity 116.7254,
Train Epoch: [1/30] Iters:[1440/3750] loss 1.4880, rec_loss 0.0161, p_loss 0.2771, utilization 0.0103, perplexity 119.7850,
Train Epoch: [1/30] Iters:[1450/3750] loss 1.4750, rec_loss 0.0161, p_loss 0.2778, utilization 0.0105, perplexity 121.5296,
Train Epoch: [1/30] Iters:[1460/3750] loss 1.4468, rec_loss 0.0170, p_loss 0.2776, utilization 0.0107, perplexity 126.8457,
Train Epoch: [1/30] Iters:[1470/3750] loss 1.4492, rec_loss 0.0170, p_loss 0.2798, utilization 0.0108, perplexity 128.3147,
Train Epoch: [1/30] Iters:[1480/3750] loss 1.4242, rec_loss 0.0164, p_loss 0.2799, utilization 0.0110, perplexity 130.0858,
Train Epoch: [1/30] Iters:[1490/3750] loss 1.4360, rec_loss 0.0166, p_loss 0.2793, utilization 0.0111, perplexity 129.2813,
Train Epoch: [1/30] Iters:[1500/3750] loss 1.4416, rec_loss 0.0168, p_loss 0.2790, utilization 0.0111, perplexity 130.1585,
Train Epoch: [1/30] Iters:[1510/3750] loss 1.4225, rec_loss 0.0162, p_loss 0.2785, utilization 0.0112, perplexity 128.9326,
Train Epoch: [1/30] Iters:[1520/3750] loss 1.4101, rec_loss 0.0166, p_loss 0.2767, utilization 0.0112, perplexity 130.6642,
Train Epoch: [1/30] Iters:[1530/3750] loss 1.3997, rec_loss 0.0166, p_loss 0.2756, utilization 0.0114, perplexity 130.5272,
Train Epoch: [1/30] Iters:[1540/3750] loss 1.3746, rec_loss 0.0167, p_loss 0.2761, utilization 0.0115, perplexity 132.9134,
Train Epoch: [1/30] Iters:[1550/3750] loss 1.3551, rec_loss 0.0167, p_loss 0.2746, utilization 0.0118, perplexity 137.5680,
Train Epoch: [1/30] Iters:[1560/3750] loss 1.3636, rec_loss 0.0164, p_loss 0.2757, utilization 0.0119, perplexity 141.6973,
Train Epoch: [1/30] Iters:[1570/3750] loss 1.3501, rec_loss 0.0160, p_loss 0.2755, utilization 0.0121, perplexity 141.7241,
Train Epoch: [1/30] Iters:[1580/3750] loss 1.3462, rec_loss 0.0158, p_loss 0.2743, utilization 0.0122, perplexity 144.4922,
Train Epoch: [1/30] Iters:[1590/3750] loss 1.3254, rec_loss 0.0155, p_loss 0.2705, utilization 0.0124, perplexity 149.0806,
Train Epoch: [1/30] Iters:[1600/3750] loss 1.3146, rec_loss 0.0148, p_loss 0.2698, utilization 0.0124, perplexity 150.8555,
Train Epoch: [1/30] Iters:[1610/3750] loss 1.2888, rec_loss 0.0146, p_loss 0.2652, utilization 0.0126, perplexity 152.8484,
Train Epoch: [1/30] Iters:[1620/3750] loss 1.2899, rec_loss 0.0146, p_loss 0.2635, utilization 0.0128, perplexity 157.1978,
Train Epoch: [1/30] Iters:[1630/3750] loss 1.2733, rec_loss 0.0143, p_loss 0.2614, utilization 0.0131, perplexity 162.3657,
Train Epoch: [1/30] Iters:[1640/3750] loss 1.2765, rec_loss 0.0145, p_loss 0.2641, utilization 0.0131, perplexity 161.3544,
Train Epoch: [1/30] Iters:[1650/3750] loss 1.2741, rec_loss 0.0146, p_loss 0.2633, utilization 0.0133, perplexity 160.9159,
Train Epoch: [1/30] Iters:[1660/3750] loss 1.2603, rec_loss 0.0144, p_loss 0.2626, utilization 0.0135, perplexity 163.4698,
Train Epoch: [1/30] Iters:[1670/3750] loss 1.2637, rec_loss 0.0142, p_loss 0.2646, utilization 0.0139, perplexity 167.9209,
Train Epoch: [1/30] Iters:[1680/3750] loss 1.2700, rec_loss 0.0147, p_loss 0.2667, utilization 0.0140, perplexity 170.4146,
Train Epoch: [1/30] Iters:[1690/3750] loss 1.2444, rec_loss 0.0146, p_loss 0.2631, utilization 0.0142, perplexity 176.0438,
Train Epoch: [1/30] Iters:[1700/3750] loss 1.2277, rec_loss 0.0148, p_loss 0.2600, utilization 0.0144, perplexity 181.6166,
Train Epoch: [1/30] Iters:[1710/3750] loss 1.2234, rec_loss 0.0148, p_loss 0.2591, utilization 0.0146, perplexity 181.8170,
Train Epoch: [1/30] Iters:[1720/3750] loss 1.1929, rec_loss 0.0151, p_loss 0.2569, utilization 0.0148, perplexity 179.9345,
Train Epoch: [1/30] Iters:[1730/3750] loss 1.1851, rec_loss 0.0156, p_loss 0.2544, utilization 0.0150, perplexity 182.9774,
Train Epoch: [1/30] Iters:[1740/3750] loss 1.2152, rec_loss 0.0159, p_loss 0.2562, utilization 0.0150, perplexity 179.9208,
Train Epoch: [1/30] Iters:[1750/3750] loss 1.2045, rec_loss 0.0161, p_loss 0.2593, utilization 0.0153, perplexity 185.1365,
Train Epoch: [1/30] Iters:[1760/3750] loss 1.2061, rec_loss 0.0162, p_loss 0.2603, utilization 0.0154, perplexity 187.2193,
Train Epoch: [1/30] Iters:[1770/3750] loss 1.2185, rec_loss 0.0158, p_loss 0.2577, utilization 0.0153, perplexity 189.2691,
Train Epoch: [1/30] Iters:[1780/3750] loss 1.2073, rec_loss 0.0149, p_loss 0.2581, utilization 0.0153, perplexity 190.2997,
Train Epoch: [1/30] Iters:[1790/3750] loss 1.1669, rec_loss 0.0142, p_loss 0.2533, utilization 0.0156, perplexity 198.1918,
Train Epoch: [1/30] Iters:[1800/3750] loss 1.1693, rec_loss 0.0136, p_loss 0.2497, utilization 0.0157, perplexity 200.3934,
Train Epoch: [1/30] Iters:[1810/3750] loss 1.1590, rec_loss 0.0136, p_loss 0.2482, utilization 0.0160, perplexity 204.6552,
Train Epoch: [1/30] Iters:[1820/3750] loss 1.1498, rec_loss 0.0132, p_loss 0.2458, utilization 0.0161, perplexity 207.9478,
Train Epoch: [1/30] Iters:[1830/3750] loss 1.1454, rec_loss 0.0135, p_loss 0.2460, utilization 0.0164, perplexity 208.0895,
Train Epoch: [1/30] Iters:[1840/3750] loss 1.1536, rec_loss 0.0137, p_loss 0.2489, utilization 0.0166, perplexity 211.4849,
Train Epoch: [1/30] Iters:[1850/3750] loss 1.1380, rec_loss 0.0136, p_loss 0.2499, utilization 0.0169, perplexity 213.4392,
Train Epoch: [1/30] Iters:[1860/3750] loss 1.1324, rec_loss 0.0135, p_loss 0.2477, utilization 0.0171, perplexity 217.1026,
Train Epoch: [1/30] Iters:[1870/3750] loss 1.1245, rec_loss 0.0134, p_loss 0.2486, utilization 0.0175, perplexity 224.3206,
Train Epoch: [1/30] Iters:[1880/3750] loss 1.1124, rec_loss 0.0130, p_loss 0.2463, utilization 0.0178, perplexity 229.5306,
Train Epoch: [1/30] Iters:[1890/3750] loss 1.1078, rec_loss 0.0135, p_loss 0.2447, utilization 0.0180, perplexity 231.3499,
Train Epoch: [1/30] Iters:[1900/3750] loss 1.1052, rec_loss 0.0137, p_loss 0.2434, utilization 0.0181, perplexity 232.0990,
Train Epoch: [1/30] Iters:[1910/3750] loss 1.1088, rec_loss 0.0143, p_loss 0.2449, utilization 0.0184, perplexity 234.4398,
Train Epoch: [1/30] Iters:[1920/3750] loss 1.1139, rec_loss 0.0144, p_loss 0.2455, utilization 0.0186, perplexity 234.7200,
Train Epoch: [1/30] Iters:[1930/3750] loss 1.1180, rec_loss 0.0146, p_loss 0.2454, utilization 0.0187, perplexity 237.3997,
Train Epoch: [1/30] Iters:[1940/3750] loss 1.1183, rec_loss 0.0147, p_loss 0.2483, utilization 0.0191, perplexity 241.6875,
Train Epoch: [1/30] Iters:[1950/3750] loss 1.1192, rec_loss 0.0148, p_loss 0.2480, utilization 0.0192, perplexity 243.0558,
Train Epoch: [1/30] Iters:[1960/3750] loss 1.1006, rec_loss 0.0139, p_loss 0.2463, utilization 0.0195, perplexity 246.3755,
Train Epoch: [1/30] Iters:[1970/3750] loss 1.0914, rec_loss 0.0141, p_loss 0.2469, utilization 0.0197, perplexity 251.0490,
Train Epoch: [1/30] Iters:[1980/3750] loss 1.0680, rec_loss 0.0134, p_loss 0.2426, utilization 0.0199, perplexity 257.1023,
Train Epoch: [1/30] Iters:[1990/3750] loss 1.0487, rec_loss 0.0123, p_loss 0.2394, utilization 0.0201, perplexity 261.4096,
Train Epoch: [1/30] Iters:[2000/3750] loss 1.0552, rec_loss 0.0126, p_loss 0.2410, utilization 0.0204, perplexity 268.0973,
Train Epoch: [1/30] Iters:[2010/3750] loss 1.0660, rec_loss 0.0131, p_loss 0.2412, utilization 0.0207, perplexity 270.8108,
Train Epoch: [1/30] Iters:[2020/3750] loss 1.0565, rec_loss 0.0128, p_loss 0.2383, utilization 0.0208, perplexity 273.9225,
Train Epoch: [1/30] Iters:[2030/3750] loss 1.0571, rec_loss 0.0132, p_loss 0.2404, utilization 0.0212, perplexity 277.2223,
Train Epoch: [1/30] Iters:[2040/3750] loss 1.0526, rec_loss 0.0136, p_loss 0.2376, utilization 0.0214, perplexity 277.8390,
Train Epoch: [1/30] Iters:[2050/3750] loss 1.0327, rec_loss 0.0134, p_loss 0.2341, utilization 0.0217, perplexity 283.0063,
Train Epoch: [1/30] Iters:[2060/3750] loss 1.0219, rec_loss 0.0129, p_loss 0.2335, utilization 0.0219, perplexity 284.9413,
Train Epoch: [1/30] Iters:[2070/3750] loss 1.0189, rec_loss 0.0125, p_loss 0.2334, utilization 0.0225, perplexity 295.7854,
Train Epoch: [1/30] Iters:[2080/3750] loss 1.0109, rec_loss 0.0124, p_loss 0.2346, utilization 0.0228, perplexity 302.0907,
Train Epoch: [1/30] Iters:[2090/3750] loss 1.0064, rec_loss 0.0121, p_loss 0.2349, utilization 0.0234, perplexity 309.0461,
Train Epoch: [1/30] Iters:[2100/3750] loss 1.0092, rec_loss 0.0120, p_loss 0.2338, utilization 0.0235, perplexity 309.7901,
Train Epoch: [1/30] Iters:[2110/3750] loss 1.0021, rec_loss 0.0123, p_loss 0.2344, utilization 0.0241, perplexity 321.8436,
Train Epoch: [1/30] Iters:[2120/3750] loss 1.0009, rec_loss 0.0124, p_loss 0.2330, utilization 0.0241, perplexity 316.8013,
Train Epoch: [1/30] Iters:[2130/3750] loss 1.0144, rec_loss 0.0126, p_loss 0.2331, utilization 0.0243, perplexity 319.6876,
Train Epoch: [1/30] Iters:[2140/3750] loss 1.0254, rec_loss 0.0128, p_loss 0.2351, utilization 0.0243, perplexity 321.8368,
Train Epoch: [1/30] Iters:[2150/3750] loss 1.0122, rec_loss 0.0122, p_loss 0.2340, utilization 0.0247, perplexity 326.6972,
Train Epoch: [1/30] Iters:[2160/3750] loss 1.0015, rec_loss 0.0119, p_loss 0.2313, utilization 0.0250, perplexity 330.2903,
Train Epoch: [1/30] Iters:[2170/3750] loss 0.9958, rec_loss 0.0118, p_loss 0.2329, utilization 0.0257, perplexity 334.8493,
Train Epoch: [1/30] Iters:[2180/3750] loss 0.9815, rec_loss 0.0116, p_loss 0.2296, utilization 0.0261, perplexity 338.6407,
Train Epoch: [1/30] Iters:[2190/3750] loss 0.9649, rec_loss 0.0113, p_loss 0.2263, utilization 0.0266, perplexity 343.8843,
Train Epoch: [1/30] Iters:[2200/3750] loss 0.9686, rec_loss 0.0116, p_loss 0.2286, utilization 0.0269, perplexity 348.0577,
Train Epoch: [1/30] Iters:[2210/3750] loss 0.9621, rec_loss 0.0116, p_loss 0.2282, utilization 0.0272, perplexity 352.7521,
Train Epoch: [1/30] Iters:[2220/3750] loss 0.9540, rec_loss 0.0115, p_loss 0.2257, utilization 0.0270, perplexity 360.4399,
Train Epoch: [1/30] Iters:[2230/3750] loss 0.9470, rec_loss 0.0115, p_loss 0.2248, utilization 0.0275, perplexity 366.3902,
Train Epoch: [1/30] Iters:[2240/3750] loss 0.9413, rec_loss 0.0113, p_loss 0.2248, utilization 0.0276, perplexity 364.7005,
Train Epoch: [1/30] Iters:[2250/3750] loss 0.9328, rec_loss 0.0111, p_loss 0.2238, utilization 0.0281, perplexity 369.0888,
Train Epoch: [1/30] Iters:[2260/3750] loss 0.9297, rec_loss 0.0112, p_loss 0.2234, utilization 0.0284, perplexity 369.9857,
Train Epoch: [1/30] Iters:[2270/3750] loss 0.9262, rec_loss 0.0113, p_loss 0.2226, utilization 0.0289, perplexity 377.9866,
Train Epoch: [1/30] Iters:[2280/3750] loss 0.9240, rec_loss 0.0114, p_loss 0.2229, utilization 0.0292, perplexity 383.0600,
Train Epoch: [1/30] Iters:[2290/3750] loss 0.9296, rec_loss 0.0118, p_loss 0.2230, utilization 0.0298, perplexity 389.2497,
Train Epoch: [1/30] Iters:[2300/3750] loss 0.9163, rec_loss 0.0114, p_loss 0.2204, utilization 0.0305, perplexity 401.1802,
Train Epoch: [1/30] Iters:[2310/3750] loss 0.9088, rec_loss 0.0116, p_loss 0.2209, utilization 0.0311, perplexity 416.3068,
Train Epoch: [1/30] Iters:[2320/3750] loss 0.8931, rec_loss 0.0113, p_loss 0.2230, utilization 0.0317, perplexity 425.2724,
Train Epoch: [1/30] Iters:[2330/3750] loss 0.8908, rec_loss 0.0111, p_loss 0.2235, utilization 0.0324, perplexity 429.7054,
Train Epoch: [1/30] Iters:[2340/3750] loss 0.8703, rec_loss 0.0108, p_loss 0.2210, utilization 0.0328, perplexity 444.5571,
Train Epoch: [1/30] Iters:[2350/3750] loss 0.8608, rec_loss 0.0110, p_loss 0.2216, utilization 0.0331, perplexity 447.2182,
Train Epoch: [1/30] Iters:[2360/3750] loss 0.8645, rec_loss 0.0106, p_loss 0.2180, utilization 0.0331, perplexity 433.5528,
Train Epoch: [1/30] Iters:[2370/3750] loss 0.8752, rec_loss 0.0110, p_loss 0.2163, utilization 0.0335, perplexity 436.7234,
Train Epoch: [1/30] Iters:[2380/3750] loss 0.8698, rec_loss 0.0111, p_loss 0.2134, utilization 0.0342, perplexity 455.0749,
Train Epoch: [1/30] Iters:[2390/3750] loss 0.8718, rec_loss 0.0108, p_loss 0.2136, utilization 0.0348, perplexity 460.5608,
Train Epoch: [1/30] Iters:[2400/3750] loss 0.8723, rec_loss 0.0108, p_loss 0.2121, utilization 0.0355, perplexity 467.8386,
Train Epoch: [1/30] Iters:[2410/3750] loss 0.8616, rec_loss 0.0109, p_loss 0.2141, utilization 0.0363, perplexity 486.3186,
Train Epoch: [1/30] Iters:[2420/3750] loss 0.8501, rec_loss 0.0106, p_loss 0.2130, utilization 0.0365, perplexity 487.3597,
Train Epoch: [1/30] Iters:[2430/3750] loss 0.8409, rec_loss 0.0104, p_loss 0.2120, utilization 0.0369, perplexity 491.8813,
Train Epoch: [1/30] Iters:[2440/3750] loss 0.8408, rec_loss 0.0109, p_loss 0.2129, utilization 0.0369, perplexity 493.6240,
Train Epoch: [1/30] Iters:[2450/3750] loss 0.8425, rec_loss 0.0109, p_loss 0.2144, utilization 0.0372, perplexity 508.5877,
Train Epoch: [1/30] Iters:[2460/3750] loss 0.8428, rec_loss 0.0108, p_loss 0.2134, utilization 0.0377, perplexity 517.8818,
Train Epoch: [1/30] Iters:[2470/3750] loss 0.8271, rec_loss 0.0107, p_loss 0.2116, utilization 0.0387, perplexity 526.5475,
Train Epoch: [1/30] Iters:[2480/3750] loss 0.8289, rec_loss 0.0109, p_loss 0.2127, utilization 0.0389, perplexity 518.3829,
Train Epoch: [1/30] Iters:[2490/3750] loss 0.8254, rec_loss 0.0105, p_loss 0.2122, utilization 0.0398, perplexity 528.7377,
Train Epoch: [1/30] Iters:[2500/3750] loss 0.8303, rec_loss 0.0103, p_loss 0.2118, utilization 0.0403, perplexity 533.9891,
Train Epoch: [1/30] Iters:[2510/3750] loss 0.8339, rec_loss 0.0103, p_loss 0.2130, utilization 0.0403, perplexity 535.4198,
Train Epoch: [1/30] Iters:[2520/3750] loss 0.8515, rec_loss 0.0105, p_loss 0.2167, utilization 0.0408, perplexity 550.4108,
Train Epoch: [1/30] Iters:[2530/3750] loss 0.8469, rec_loss 0.0105, p_loss 0.2166, utilization 0.0416, perplexity 560.6059,
Train Epoch: [1/30] Iters:[2540/3750] loss 0.8391, rec_loss 0.0102, p_loss 0.2137, utilization 0.0420, perplexity 565.5049,
Train Epoch: [1/30] Iters:[2550/3750] loss 0.8337, rec_loss 0.0104, p_loss 0.2121, utilization 0.0430, perplexity 569.5915,
Train Epoch: [1/30] Iters:[2560/3750] loss 0.8295, rec_loss 0.0105, p_loss 0.2126, utilization 0.0443, perplexity 589.5880,
Train Epoch: [1/30] Iters:[2570/3750] loss 0.8271, rec_loss 0.0103, p_loss 0.2094, utilization 0.0443, perplexity 586.5487,
Train Epoch: [1/30] Iters:[2580/3750] loss 0.8276, rec_loss 0.0101, p_loss 0.2095, utilization 0.0448, perplexity 595.2240,
Train Epoch: [1/30] Iters:[2590/3750] loss 0.8365, rec_loss 0.0104, p_loss 0.2108, utilization 0.0454, perplexity 604.9713,
Train Epoch: [1/30] Iters:[2600/3750] loss 0.8240, rec_loss 0.0101, p_loss 0.2100, utilization 0.0457, perplexity 620.0811,
Train Epoch: [1/30] Iters:[2610/3750] loss 0.8206, rec_loss 0.0101, p_loss 0.2073, utilization 0.0459, perplexity 624.4827,
Train Epoch: [1/30] Iters:[2620/3750] loss 0.8083, rec_loss 0.0102, p_loss 0.2077, utilization 0.0472, perplexity 637.5385,
Train Epoch: [1/30] Iters:[2630/3750] loss 0.8044, rec_loss 0.0100, p_loss 0.2072, utilization 0.0480, perplexity 649.7603,
Train Epoch: [1/30] Iters:[2640/3750] loss 0.7961, rec_loss 0.0097, p_loss 0.2070, utilization 0.0490, perplexity 655.1090,
Train Epoch: [1/30] Iters:[2650/3750] loss 0.8033, rec_loss 0.0099, p_loss 0.2079, utilization 0.0497, perplexity 654.9248,
Train Epoch: [1/30] Iters:[2660/3750] loss 0.7935, rec_loss 0.0098, p_loss 0.2091, utilization 0.0508, perplexity 663.5197,
Train Epoch: [1/30] Iters:[2670/3750] loss 0.8014, rec_loss 0.0097, p_loss 0.2077, utilization 0.0515, perplexity 682.9215,
Train Epoch: [1/30] Iters:[2680/3750] loss 0.7945, rec_loss 0.0098, p_loss 0.2076, utilization 0.0528, perplexity 710.0228,
Train Epoch: [1/30] Iters:[2690/3750] loss 0.7882, rec_loss 0.0100, p_loss 0.2078, utilization 0.0537, perplexity 733.3628,
Train Epoch: [1/30] Iters:[2700/3750] loss 0.7877, rec_loss 0.0100, p_loss 0.2087, utilization 0.0546, perplexity 737.8548,
Train Epoch: [1/30] Iters:[2710/3750] loss 0.7820, rec_loss 0.0098, p_loss 0.2085, utilization 0.0546, perplexity 751.0592,
Train Epoch: [1/30] Iters:[2720/3750] loss 0.7653, rec_loss 0.0098, p_loss 0.2088, utilization 0.0555, perplexity 773.7097,
Train Epoch: [1/30] Iters:[2730/3750] loss 0.7616, rec_loss 0.0096, p_loss 0.2078, utilization 0.0565, perplexity 785.1410,
Train Epoch: [1/30] Iters:[2740/3750] loss 0.7555, rec_loss 0.0092, p_loss 0.2042, utilization 0.0569, perplexity 791.6995,
Train Epoch: [1/30] Iters:[2750/3750] loss 0.7425, rec_loss 0.0088, p_loss 0.1999, utilization 0.0578, perplexity 815.5455,
Train Epoch: [1/30] Iters:[2760/3750] loss 0.7596, rec_loss 0.0094, p_loss 0.1998, utilization 0.0590, perplexity 822.1270,
Train Epoch: [1/30] Iters:[2770/3750] loss 0.7711, rec_loss 0.0099, p_loss 0.2008, utilization 0.0601, perplexity 828.4851,
Train Epoch: [1/30] Iters:[2780/3750] loss 0.7828, rec_loss 0.0104, p_loss 0.2004, utilization 0.0606, perplexity 833.8788,
Train Epoch: [1/30] Iters:[2790/3750] loss 0.7842, rec_loss 0.0110, p_loss 0.2041, utilization 0.0619, perplexity 848.4594,
Train Epoch: [1/30] Iters:[2800/3750] loss 0.7927, rec_loss 0.0113, p_loss 0.2065, utilization 0.0625, perplexity 850.4692,
Train Epoch: [1/30] Iters:[2810/3750] loss 0.7822, rec_loss 0.0108, p_loss 0.2049, utilization 0.0632, perplexity 868.8471,
Train Epoch: [1/30] Iters:[2820/3750] loss 0.7667, rec_loss 0.0102, p_loss 0.2021, utilization 0.0638, perplexity 885.5263,
Train Epoch: [1/30] Iters:[2830/3750] loss 0.7505, rec_loss 0.0098, p_loss 0.2012, utilization 0.0644, perplexity 892.3251,
Train Epoch: [1/30] Iters:[2840/3750] loss 0.7477, rec_loss 0.0092, p_loss 0.1981, utilization 0.0655, perplexity 916.7307,
Train Epoch: [1/30] Iters:[2850/3750] loss 0.7278, rec_loss 0.0090, p_loss 0.1958, utilization 0.0669, perplexity 951.4907,
Train Epoch: [1/30] Iters:[2860/3750] loss 0.7159, rec_loss 0.0088, p_loss 0.1936, utilization 0.0687, perplexity 981.0712,
Train Epoch: [1/30] Iters:[2870/3750] loss 0.7170, rec_loss 0.0091, p_loss 0.1933, utilization 0.0694, perplexity 983.0748,
Train Epoch: [1/30] Iters:[2880/3750] loss 0.7134, rec_loss 0.0092, p_loss 0.1919, utilization 0.0705, perplexity 1018.0108,
Train Epoch: [1/30] Iters:[2890/3750] loss 0.7056, rec_loss 0.0094, p_loss 0.1902, utilization 0.0709, perplexity 1019.7877,
Train Epoch: [1/30] Iters:[2900/3750] loss 0.7140, rec_loss 0.0096, p_loss 0.1914, utilization 0.0713, perplexity 1016.5997,
Train Epoch: [1/30] Iters:[2910/3750] loss 0.7126, rec_loss 0.0098, p_loss 0.1938, utilization 0.0725, perplexity 1038.4224,
Train Epoch: [1/30] Iters:[2920/3750] loss 0.7065, rec_loss 0.0096, p_loss 0.1931, utilization 0.0733, perplexity 1043.8056,
Train Epoch: [1/30] Iters:[2930/3750] loss 0.7110, rec_loss 0.0094, p_loss 0.1960, utilization 0.0743, perplexity 1052.5192,
Train Epoch: [1/30] Iters:[2940/3750] loss 0.7105, rec_loss 0.0095, p_loss 0.2003, utilization 0.0758, perplexity 1091.7360,
Train Epoch: [1/30] Iters:[2950/3750] loss 0.7036, rec_loss 0.0094, p_loss 0.2002, utilization 0.0771, perplexity 1132.4483,
Train Epoch: [1/30] Iters:[2960/3750] loss 0.7072, rec_loss 0.0092, p_loss 0.1983, utilization 0.0769, perplexity 1119.3295,
Train Epoch: [1/30] Iters:[2970/3750] loss 0.7050, rec_loss 0.0093, p_loss 0.1985, utilization 0.0782, perplexity 1148.9249,
Train Epoch: [1/30] Iters:[2980/3750] loss 0.6953, rec_loss 0.0092, p_loss 0.1965, utilization 0.0792, perplexity 1160.6854,
Train Epoch: [1/30] Iters:[2990/3750] loss 0.6984, rec_loss 0.0089, p_loss 0.1930, utilization 0.0799, perplexity 1178.1997,
Train Epoch: [1/30] Iters:[3000/3750] loss 0.6988, rec_loss 0.0089, p_loss 0.1907, utilization 0.0805, perplexity 1177.0217,
Train Epoch: [1/30] Iters:[3010/3750] loss 0.6874, rec_loss 0.0088, p_loss 0.1898, utilization 0.0827, perplexity 1230.9014,
Train Epoch: [1/30] Iters:[3020/3750] loss 0.6838, rec_loss 0.0086, p_loss 0.1906, utilization 0.0841, perplexity 1265.2417,
Train Epoch: [1/30] Iters:[3030/3750] loss 0.6816, rec_loss 0.0086, p_loss 0.1914, utilization 0.0848, perplexity 1274.5937,
Train Epoch: [1/30] Iters:[3040/3750] loss 0.6687, rec_loss 0.0084, p_loss 0.1907, utilization 0.0866, perplexity 1292.8107,
Train Epoch: [1/30] Iters:[3050/3750] loss 0.6636, rec_loss 0.0081, p_loss 0.1904, utilization 0.0888, perplexity 1343.5915,
Train Epoch: [1/30] Iters:[3060/3750] loss 0.6686, rec_loss 0.0083, p_loss 0.1899, utilization 0.0892, perplexity 1350.1003,
Train Epoch: [1/30] Iters:[3070/3750] loss 0.6707, rec_loss 0.0086, p_loss 0.1883, utilization 0.0901, perplexity 1385.8070,
Train Epoch: [1/30] Iters:[3080/3750] loss 0.6759, rec_loss 0.0090, p_loss 0.1858, utilization 0.0914, perplexity 1439.6469,
Train Epoch: [1/30] Iters:[3090/3750] loss 0.6792, rec_loss 0.0091, p_loss 0.1863, utilization 0.0925, perplexity 1475.3161,
Train Epoch: [1/30] Iters:[3100/3750] loss 0.6802, rec_loss 0.0092, p_loss 0.1874, utilization 0.0934, perplexity 1487.5240,
Train Epoch: [1/30] Iters:[3110/3750] loss 0.6731, rec_loss 0.0089, p_loss 0.1867, utilization 0.0941, perplexity 1485.1128,
Train Epoch: [1/30] Iters:[3120/3750] loss 0.6764, rec_loss 0.0089, p_loss 0.1868, utilization 0.0948, perplexity 1492.3718,
Train Epoch: [1/30] Iters:[3130/3750] loss 0.6726, rec_loss 0.0086, p_loss 0.1855, utilization 0.0962, perplexity 1525.1706,
Train Epoch: [1/30] Iters:[3140/3750] loss 0.6673, rec_loss 0.0086, p_loss 0.1847, utilization 0.0971, perplexity 1532.1601,
Train Epoch: [1/30] Iters:[3150/3750] loss 0.6570, rec_loss 0.0086, p_loss 0.1825, utilization 0.0980, perplexity 1557.1655,
Train Epoch: [1/30] Iters:[3160/3750] loss 0.6530, rec_loss 0.0085, p_loss 0.1846, utilization 0.0990, perplexity 1594.2930,
Train Epoch: [1/30] Iters:[3170/3750] loss 0.6421, rec_loss 0.0082, p_loss 0.1832, utilization 0.1007, perplexity 1621.9691,
Train Epoch: [1/30] Iters:[3180/3750] loss 0.6334, rec_loss 0.0080, p_loss 0.1844, utilization 0.1012, perplexity 1625.2841,
Train Epoch: [1/30] Iters:[3190/3750] loss 0.6381, rec_loss 0.0080, p_loss 0.1863, utilization 0.1012, perplexity 1626.0624,
Train Epoch: [1/30] Iters:[3200/3750] loss 0.6385, rec_loss 0.0080, p_loss 0.1860, utilization 0.1020, perplexity 1633.7435,
Train Epoch: [1/30] Iters:[3210/3750] loss 0.6340, rec_loss 0.0078, p_loss 0.1822, utilization 0.1037, perplexity 1675.4350,
Train Epoch: [1/30] Iters:[3220/3750] loss 0.6373, rec_loss 0.0079, p_loss 0.1842, utilization 0.1040, perplexity 1688.3202,
Train Epoch: [1/30] Iters:[3230/3750] loss 0.6420, rec_loss 0.0081, p_loss 0.1844, utilization 0.1048, perplexity 1722.8478,
Train Epoch: [1/30] Iters:[3240/3750] loss 0.6354, rec_loss 0.0079, p_loss 0.1815, utilization 0.1063, perplexity 1769.3307,
Train Epoch: [1/30] Iters:[3250/3750] loss 0.6312, rec_loss 0.0078, p_loss 0.1811, utilization 0.1085, perplexity 1836.2742,
Train Epoch: [1/30] Iters:[3260/3750] loss 0.6321, rec_loss 0.0081, p_loss 0.1818, utilization 0.1092, perplexity 1853.8237,
Train Epoch: [1/30] Iters:[3270/3750] loss 0.6263, rec_loss 0.0081, p_loss 0.1786, utilization 0.1103, perplexity 1883.3447,
Train Epoch: [1/30] Iters:[3280/3750] loss 0.6219, rec_loss 0.0080, p_loss 0.1780, utilization 0.1120, perplexity 1909.2060,
Train Epoch: [1/30] Iters:[3290/3750] loss 0.6159, rec_loss 0.0083, p_loss 0.1786, utilization 0.1135, perplexity 1971.1885,
Train Epoch: [1/30] Iters:[3300/3750] loss 0.6157, rec_loss 0.0082, p_loss 0.1801, utilization 0.1142, perplexity 2037.3805,
Train Epoch: [1/30] Iters:[3310/3750] loss 0.6159, rec_loss 0.0080, p_loss 0.1797, utilization 0.1158, perplexity 2080.1399,
Train Epoch: [1/30] Iters:[3320/3750] loss 0.6143, rec_loss 0.0080, p_loss 0.1810, utilization 0.1186, perplexity 2182.5513,
Train Epoch: [1/30] Iters:[3330/3750] loss 0.6065, rec_loss 0.0079, p_loss 0.1805, utilization 0.1210, perplexity 2265.0533,
Train Epoch: [1/30] Iters:[3340/3750] loss 0.6114, rec_loss 0.0079, p_loss 0.1803, utilization 0.1216, perplexity 2269.0625,
Train Epoch: [1/30] Iters:[3350/3750] loss 0.6145, rec_loss 0.0080, p_loss 0.1789, utilization 0.1218, perplexity 2259.5969,
Train Epoch: [1/30] Iters:[3360/3750] loss 0.6070, rec_loss 0.0080, p_loss 0.1792, utilization 0.1233, perplexity 2316.5648,
Train Epoch: [1/30] Iters:[3370/3750] loss 0.6042, rec_loss 0.0078, p_loss 0.1791, utilization 0.1228, perplexity 2259.9041,
Train Epoch: [1/30] Iters:[3380/3750] loss 0.6099, rec_loss 0.0079, p_loss 0.1793, utilization 0.1231, perplexity 2239.1110,
Train Epoch: [1/30] Iters:[3390/3750] loss 0.6076, rec_loss 0.0077, p_loss 0.1808, utilization 0.1236, perplexity 2195.0278,
Train Epoch: [1/30] Iters:[3400/3750] loss 0.6037, rec_loss 0.0075, p_loss 0.1802, utilization 0.1247, perplexity 2244.6805,
Train Epoch: [1/30] Iters:[3410/3750] loss 0.6046, rec_loss 0.0078, p_loss 0.1810, utilization 0.1262, perplexity 2328.6932,
Train Epoch: [1/30] Iters:[3420/3750] loss 0.5983, rec_loss 0.0078, p_loss 0.1792, utilization 0.1279, perplexity 2387.2845,
Train Epoch: [1/30] Iters:[3430/3750] loss 0.5868, rec_loss 0.0076, p_loss 0.1779, utilization 0.1275, perplexity 2384.6855,
Train Epoch: [1/30] Iters:[3440/3750] loss 0.5853, rec_loss 0.0078, p_loss 0.1762, utilization 0.1288, perplexity 2503.0717,
Train Epoch: [1/30] Iters:[3450/3750] loss 0.5783, rec_loss 0.0079, p_loss 0.1763, utilization 0.1305, perplexity 2519.8684,
Train Epoch: [1/30] Iters:[3460/3750] loss 0.5778, rec_loss 0.0076, p_loss 0.1741, utilization 0.1304, perplexity 2475.0744,
Train Epoch: [1/30] Iters:[3470/3750] loss 0.5752, rec_loss 0.0077, p_loss 0.1755, utilization 0.1317, perplexity 2535.4789,
Train Epoch: [1/30] Iters:[3480/3750] loss 0.5794, rec_loss 0.0078, p_loss 0.1763, utilization 0.1338, perplexity 2624.4213,
Train Epoch: [1/30] Iters:[3490/3750] loss 0.5711, rec_loss 0.0077, p_loss 0.1745, utilization 0.1357, perplexity 2659.1818,
Train Epoch: [1/30] Iters:[3500/3750] loss 0.5731, rec_loss 0.0078, p_loss 0.1747, utilization 0.1363, perplexity 2681.5972,
Train Epoch: [1/30] Iters:[3510/3750] loss 0.5750, rec_loss 0.0081, p_loss 0.1760, utilization 0.1375, perplexity 2756.5912,
Train Epoch: [1/30] Iters:[3520/3750] loss 0.5760, rec_loss 0.0083, p_loss 0.1755, utilization 0.1387, perplexity 2815.3269,
Train Epoch: [1/30] Iters:[3530/3750] loss 0.5664, rec_loss 0.0083, p_loss 0.1753, utilization 0.1405, perplexity 2876.0961,
Train Epoch: [1/30] Iters:[3540/3750] loss 0.5706, rec_loss 0.0085, p_loss 0.1770, utilization 0.1399, perplexity 2842.8457,
Train Epoch: [1/30] Iters:[3550/3750] loss 0.5637, rec_loss 0.0083, p_loss 0.1762, utilization 0.1414, perplexity 2942.7547,
Train Epoch: [1/30] Iters:[3560/3750] loss 0.5625, rec_loss 0.0081, p_loss 0.1770, utilization 0.1421, perplexity 2934.9292,
Train Epoch: [1/30] Iters:[3570/3750] loss 0.5681, rec_loss 0.0080, p_loss 0.1776, utilization 0.1410, perplexity 2872.4392,
Train Epoch: [1/30] Iters:[3580/3750] loss 0.5631, rec_loss 0.0077, p_loss 0.1748, utilization 0.1417, perplexity 2912.0149,
Train Epoch: [1/30] Iters:[3590/3750] loss 0.5536, rec_loss 0.0076, p_loss 0.1744, utilization 0.1447, perplexity 3054.5522,
Train Epoch: [1/30] Iters:[3600/3750] loss 0.5560, rec_loss 0.0079, p_loss 0.1730, utilization 0.1456, perplexity 3082.5354,
Train Epoch: [1/30] Iters:[3610/3750] loss 0.5466, rec_loss 0.0081, p_loss 0.1730, utilization 0.1463, perplexity 3107.5570,
Train Epoch: [1/30] Iters:[3620/3750] loss 0.5400, rec_loss 0.0084, p_loss 0.1715, utilization 0.1478, perplexity 3218.9675,
Train Epoch: [1/30] Iters:[3630/3750] loss 0.5425, rec_loss 0.0084, p_loss 0.1721, utilization 0.1489, perplexity 3252.0246,
Train Epoch: [1/30] Iters:[3640/3750] loss 0.5403, rec_loss 0.0081, p_loss 0.1709, utilization 0.1491, perplexity 3274.4432,
Train Epoch: [1/30] Iters:[3650/3750] loss 0.5334, rec_loss 0.0077, p_loss 0.1699, utilization 0.1495, perplexity 3274.0718,
Train Epoch: [1/30] Iters:[3660/3750] loss 0.5341, rec_loss 0.0073, p_loss 0.1669, utilization 0.1498, perplexity 3326.0091,
Train Epoch: [1/30] Iters:[3670/3750] loss 0.5319, rec_loss 0.0070, p_loss 0.1658, utilization 0.1519, perplexity 3408.1680,
Train Epoch: [1/30] Iters:[3680/3750] loss 0.5267, rec_loss 0.0069, p_loss 0.1646, utilization 0.1525, perplexity 3419.4276,
Train Epoch: [1/30] Iters:[3690/3750] loss 0.5298, rec_loss 0.0071, p_loss 0.1642, utilization 0.1527, perplexity 3437.3659,
Train Epoch: [1/30] Iters:[3700/3750] loss 0.5308, rec_loss 0.0071, p_loss 0.1651, utilization 0.1533, perplexity 3471.1495,
Train Epoch: [1/30] Iters:[3710/3750] loss 0.5267, rec_loss 0.0072, p_loss 0.1645, utilization 0.1548, perplexity 3551.5738,
Train Epoch: [1/30] Iters:[3720/3750] loss 0.5217, rec_loss 0.0071, p_loss 0.1651, utilization 0.1548, perplexity 3511.1165,
Train Epoch: [1/30] Iters:[3730/3750] loss 0.5243, rec_loss 0.0072, p_loss 0.1653, utilization 0.1562, perplexity 3597.3574,
Train Epoch: [1/30] Iters:[3740/3750] loss 0.5181, rec_loss 0.0071, p_loss 0.1644, utilization 0.1573, perplexity 3608.0453,
Train Epoch: [1/30] Iters:[3750/3750] loss 0.5182, rec_loss 0.0072, p_loss 0.1655, utilization 0.1590, perplexity 3675.0844,
epoch:2, cur_lr:0.000097
Train Epoch: [2/30] Iters:[10/3750] loss 0.5171, rec_loss 0.0073, p_loss 0.1647, utilization 0.1571, perplexity 3751.3218,
Train Epoch: [2/30] Iters:[20/3750] loss 0.5064, rec_loss 0.0071, p_loss 0.1604, utilization 0.1597, perplexity 3898.1652,
Train Epoch: [2/30] Iters:[30/3750] loss 0.5059, rec_loss 0.0071, p_loss 0.1613, utilization 0.1611, perplexity 3933.2250,
Train Epoch: [2/30] Iters:[40/3750] loss 0.5039, rec_loss 0.0072, p_loss 0.1606, utilization 0.1617, perplexity 3897.2934,
Train Epoch: [2/30] Iters:[50/3750] loss 0.5037, rec_loss 0.0072, p_loss 0.1603, utilization 0.1619, perplexity 3914.3378,
Train Epoch: [2/30] Iters:[60/3750] loss 0.5059, rec_loss 0.0077, p_loss 0.1614, utilization 0.1641, perplexity 4045.3357,
Train Epoch: [2/30] Iters:[70/3750] loss 0.5165, rec_loss 0.0084, p_loss 0.1654, utilization 0.1628, perplexity 3897.2151,
Train Epoch: [2/30] Iters:[80/3750] loss 0.5098, rec_loss 0.0085, p_loss 0.1630, utilization 0.1632, perplexity 3930.2092,
Train Epoch: [2/30] Iters:[90/3750] loss 0.5152, rec_loss 0.0085, p_loss 0.1643, utilization 0.1633, perplexity 3946.2711,
Train Epoch: [2/30] Iters:[100/3750] loss 0.5142, rec_loss 0.0084, p_loss 0.1653, utilization 0.1648, perplexity 4024.1692,
Train Epoch: [2/30] Iters:[110/3750] loss 0.5014, rec_loss 0.0077, p_loss 0.1633, utilization 0.1652, perplexity 4040.1498,
Train Epoch: [2/30] Iters:[120/3750] loss 0.4899, rec_loss 0.0069, p_loss 0.1609, utilization 0.1667, perplexity 4144.2787,
Train Epoch: [2/30] Iters:[130/3750] loss 0.4969, rec_loss 0.0066, p_loss 0.1634, utilization 0.1679, perplexity 4185.5439,
Train Epoch: [2/30] Iters:[140/3750] loss 0.4901, rec_loss 0.0065, p_loss 0.1621, utilization 0.1687, perplexity 4243.2604,
Train Epoch: [2/30] Iters:[150/3750] loss 0.4856, rec_loss 0.0064, p_loss 0.1611, utilization 0.1688, perplexity 4304.2065,
Train Epoch: [2/30] Iters:[160/3750] loss 0.4886, rec_loss 0.0067, p_loss 0.1615, utilization 0.1679, perplexity 4200.0362,
Train Epoch: [2/30] Iters:[170/3750] loss 0.4941, rec_loss 0.0069, p_loss 0.1632, utilization 0.1686, perplexity 4237.2237,
Train Epoch: [2/30] Iters:[180/3750] loss 0.4895, rec_loss 0.0069, p_loss 0.1630, utilization 0.1686, perplexity 4248.5403,
Train Epoch: [2/30] Iters:[190/3750] loss 0.4825, rec_loss 0.0068, p_loss 0.1624, utilization 0.1699, perplexity 4305.6765,
Train Epoch: [2/30] Iters:[200/3750] loss 0.4803, rec_loss 0.0068, p_loss 0.1622, utilization 0.1705, perplexity 4266.6958,
Train Epoch: [2/30] Iters:[210/3750] loss 0.4830, rec_loss 0.0068, p_loss 0.1620, utilization 0.1721, perplexity 4422.9127,
Train Epoch: [2/30] Iters:[220/3750] loss 0.4768, rec_loss 0.0066, p_loss 0.1592, utilization 0.1741, perplexity 4577.9187,
Train Epoch: [2/30] Iters:[230/3750] loss 0.4712, rec_loss 0.0066, p_loss 0.1567, utilization 0.1745, perplexity 4574.4195,
Train Epoch: [2/30] Iters:[240/3750] loss 0.4712, rec_loss 0.0067, p_loss 0.1552, utilization 0.1742, perplexity 4559.7298,
Train Epoch: [2/30] Iters:[250/3750] loss 0.4703, rec_loss 0.0067, p_loss 0.1536, utilization 0.1735, perplexity 4518.8950,
Train Epoch: [2/30] Iters:[260/3750] loss 0.4694, rec_loss 0.0066, p_loss 0.1526, utilization 0.1732, perplexity 4489.3566,
Train Epoch: [2/30] Iters:[270/3750] loss 0.4637, rec_loss 0.0064, p_loss 0.1498, utilization 0.1738, perplexity 4552.3303,
Train Epoch: [2/30] Iters:[280/3750] loss 0.4661, rec_loss 0.0065, p_loss 0.1505, utilization 0.1756, perplexity 4704.9775,
Train Epoch: [2/30] Iters:[290/3750] loss 0.4675, rec_loss 0.0066, p_loss 0.1556, utilization 0.1771, perplexity 4850.6617,
Train Epoch: [2/30] Iters:[300/3750] loss 0.4657, rec_loss 0.0066, p_loss 0.1551, utilization 0.1797, perplexity 5058.3876,
Train Epoch: [2/30] Iters:[310/3750] loss 0.4584, rec_loss 0.0066, p_loss 0.1553, utilization 0.1818, perplexity 5139.1729,
Train Epoch: [2/30] Iters:[320/3750] loss 0.4552, rec_loss 0.0066, p_loss 0.1559, utilization 0.1813, perplexity 5087.7598,
Train Epoch: [2/30] Iters:[330/3750] loss 0.4531, rec_loss 0.0064, p_loss 0.1567, utilization 0.1804, perplexity 4982.0881,
Train Epoch: [2/30] Iters:[340/3750] loss 0.4536, rec_loss 0.0064, p_loss 0.1534, utilization 0.1798, perplexity 4926.1788,
Train Epoch: [2/30] Iters:[350/3750] loss 0.4504, rec_loss 0.0065, p_loss 0.1542, utilization 0.1797, perplexity 4904.5134,
Train Epoch: [2/30] Iters:[360/3750] loss 0.4488, rec_loss 0.0063, p_loss 0.1531, utilization 0.1795, perplexity 4887.7535,
Train Epoch: [2/30] Iters:[370/3750] loss 0.4511, rec_loss 0.0062, p_loss 0.1540, utilization 0.1799, perplexity 4838.0353,
Train Epoch: [2/30] Iters:[380/3750] loss 0.4516, rec_loss 0.0064, p_loss 0.1534, utilization 0.1806, perplexity 4926.9364,
Train Epoch: [2/30] Iters:[390/3750] loss 0.4485, rec_loss 0.0063, p_loss 0.1527, utilization 0.1816, perplexity 5000.2833,
Train Epoch: [2/30] Iters:[400/3750] loss 0.4547, rec_loss 0.0064, p_loss 0.1535, utilization 0.1813, perplexity 4915.4137,
Train Epoch: [2/30] Iters:[410/3750] loss 0.4532, rec_loss 0.0064, p_loss 0.1529, utilization 0.1827, perplexity 5011.5637,
Train Epoch: [2/30] Iters:[420/3750] loss 0.4477, rec_loss 0.0064, p_loss 0.1521, utilization 0.1830, perplexity 5118.0264,
Train Epoch: [2/30] Iters:[430/3750] loss 0.4418, rec_loss 0.0061, p_loss 0.1506, utilization 0.1853, perplexity 5294.2449,
Train Epoch: [2/30] Iters:[440/3750] loss 0.4392, rec_loss 0.0062, p_loss 0.1515, utilization 0.1864, perplexity 5401.2971,
Train Epoch: [2/30] Iters:[450/3750] loss 0.4283, rec_loss 0.0058, p_loss 0.1489, utilization 0.1873, perplexity 5491.5942,
Train Epoch: [2/30] Iters:[460/3750] loss 0.4276, rec_loss 0.0058, p_loss 0.1477, utilization 0.1879, perplexity 5590.7427,
Train Epoch: [2/30] Iters:[470/3750] loss 0.4296, rec_loss 0.0058, p_loss 0.1488, utilization 0.1885, perplexity 5586.6507,
Train Epoch: [2/30] Iters:[480/3750] loss 0.4319, rec_loss 0.0060, p_loss 0.1493, utilization 0.1870, perplexity 5462.4577,
Train Epoch: [2/30] Iters:[490/3750] loss 0.4307, rec_loss 0.0058, p_loss 0.1470, utilization 0.1866, perplexity 5410.0158,
Train Epoch: [2/30] Iters:[500/3750] loss 0.4351, rec_loss 0.0061, p_loss 0.1489, utilization 0.1878, perplexity 5510.8290,
Train Epoch: [2/30] Iters:[510/3750] loss 0.4331, rec_loss 0.0062, p_loss 0.1497, utilization 0.1883, perplexity 5535.0964,
Train Epoch: [2/30] Iters:[520/3750] loss 0.4301, rec_loss 0.0062, p_loss 0.1491, utilization 0.1892, perplexity 5617.9164,
Train Epoch: [2/30] Iters:[530/3750] loss 0.4239, rec_loss 0.0060, p_loss 0.1480, utilization 0.1902, perplexity 5659.9153,
Train Epoch: [2/30] Iters:[540/3750] loss 0.4249, rec_loss 0.0059, p_loss 0.1483, utilization 0.1911, perplexity 5698.0093,
Train Epoch: [2/30] Iters:[550/3750] loss 0.4269, rec_loss 0.0058, p_loss 0.1486, utilization 0.1918, perplexity 5699.8656,
Train Epoch: [2/30] Iters:[560/3750] loss 0.4286, rec_loss 0.0058, p_loss 0.1487, utilization 0.1924, perplexity 5734.2878,
Train Epoch: [2/30] Iters:[570/3750] loss 0.4296, rec_loss 0.0058, p_loss 0.1481, utilization 0.1941, perplexity 5890.4419,
Train Epoch: [2/30] Iters:[580/3750] loss 0.4294, rec_loss 0.0056, p_loss 0.1476, utilization 0.1956, perplexity 6053.6299,
Train Epoch: [2/30] Iters:[590/3750] loss 0.4287, rec_loss 0.0058, p_loss 0.1479, utilization 0.1963, perplexity 6085.5492,
Train Epoch: [2/30] Iters:[600/3750] loss 0.4237, rec_loss 0.0058, p_loss 0.1460, utilization 0.1968, perplexity 6214.9831,
Train Epoch: [2/30] Iters:[610/3750] loss 0.4231, rec_loss 0.0059, p_loss 0.1465, utilization 0.1957, perplexity 6084.0731,
Train Epoch: [2/30] Iters:[620/3750] loss 0.4178, rec_loss 0.0059, p_loss 0.1457, utilization 0.1956, perplexity 6063.4044,
Train Epoch: [2/30] Iters:[630/3750] loss 0.4216, rec_loss 0.0064, p_loss 0.1479, utilization 0.1946, perplexity 5926.0615,
Train Epoch: [2/30] Iters:[640/3750] loss 0.4191, rec_loss 0.0064, p_loss 0.1471, utilization 0.1954, perplexity 6004.4618,
Train Epoch: [2/30] Iters:[650/3750] loss 0.4186, rec_loss 0.0064, p_loss 0.1474, utilization 0.1964, perplexity 6048.1320,
Train Epoch: [2/30] Iters:[660/3750] loss 0.4089, rec_loss 0.0062, p_loss 0.1440, utilization 0.1978, perplexity 6186.1300,
Train Epoch: [2/30] Iters:[670/3750] loss 0.4091, rec_loss 0.0061, p_loss 0.1439, utilization 0.1974, perplexity 6160.6574,
Train Epoch: [2/30] Iters:[680/3750] loss 0.4045, rec_loss 0.0058, p_loss 0.1430, utilization 0.1986, perplexity 6275.8827,
Train Epoch: [2/30] Iters:[690/3750] loss 0.4027, rec_loss 0.0056, p_loss 0.1438, utilization 0.1989, perplexity 6281.9432,
Train Epoch: [2/30] Iters:[700/3750] loss 0.4013, rec_loss 0.0054, p_loss 0.1435, utilization 0.1992, perplexity 6238.0970,
Train Epoch: [2/30] Iters:[710/3750] loss 0.4044, rec_loss 0.0056, p_loss 0.1460, utilization 0.1995, perplexity 6253.9162,
Train Epoch: [2/30] Iters:[720/3750] loss 0.4052, rec_loss 0.0056, p_loss 0.1456, utilization 0.2006, perplexity 6289.5026,
Train Epoch: [2/30] Iters:[730/3750] loss 0.4090, rec_loss 0.0058, p_loss 0.1460, utilization 0.2011, perplexity 6269.8787,
Train Epoch: [2/30] Iters:[740/3750] loss 0.4052, rec_loss 0.0058, p_loss 0.1441, utilization 0.2018, perplexity 6318.7778,
Train Epoch: [2/30] Iters:[750/3750] loss 0.4057, rec_loss 0.0059, p_loss 0.1443, utilization 0.2018, perplexity 6351.1917,
Train Epoch: [2/30] Iters:[760/3750] loss 0.4036, rec_loss 0.0058, p_loss 0.1442, utilization 0.2024, perplexity 6329.3543,
Train Epoch: [2/30] Iters:[770/3750] loss 0.4029, rec_loss 0.0060, p_loss 0.1455, utilization 0.2024, perplexity 6370.8580,
Train Epoch: [2/30] Iters:[780/3750] loss 0.4014, rec_loss 0.0061, p_loss 0.1448, utilization 0.2024, perplexity 6351.6717,
Train Epoch: [2/30] Iters:[790/3750] loss 0.4030, rec_loss 0.0061, p_loss 0.1454, utilization 0.2021, perplexity 6342.4964,
Train Epoch: [2/30] Iters:[800/3750] loss 0.4033, rec_loss 0.0061, p_loss 0.1452, utilization 0.2015, perplexity 6267.2643,
Train Epoch: [2/30] Iters:[810/3750] loss 0.4083, rec_loss 0.0062, p_loss 0.1455, utilization 0.2016, perplexity 6308.0273,
Train Epoch: [2/30] Iters:[820/3750] loss 0.4044, rec_loss 0.0060, p_loss 0.1440, utilization 0.2034, perplexity 6472.8608,
Train Epoch: [2/30] Iters:[830/3750] loss 0.4018, rec_loss 0.0059, p_loss 0.1441, utilization 0.2041, perplexity 6618.5054,
Train Epoch: [2/30] Iters:[840/3750] loss 0.4002, rec_loss 0.0059, p_loss 0.1445, utilization 0.2052, perplexity 6726.2804,
Train Epoch: [2/30] Iters:[850/3750] loss 0.3942, rec_loss 0.0058, p_loss 0.1445, utilization 0.2061, perplexity 6846.8612,
Train Epoch: [2/30] Iters:[860/3750] loss 0.3895, rec_loss 0.0058, p_loss 0.1432, utilization 0.2071, perplexity 6949.9451,
Train Epoch: [2/30] Iters:[870/3750] loss 0.3921, rec_loss 0.0058, p_loss 0.1443, utilization 0.2066, perplexity 6885.0853,
Train Epoch: [2/30] Iters:[880/3750] loss 0.3878, rec_loss 0.0056, p_loss 0.1423, utilization 0.2064, perplexity 6834.2833,
Train Epoch: [2/30] Iters:[890/3750] loss 0.3900, rec_loss 0.0055, p_loss 0.1406, utilization 0.2057, perplexity 6721.6146,
Train Epoch: [2/30] Iters:[900/3750] loss 0.3929, rec_loss 0.0056, p_loss 0.1411, utilization 0.2062, perplexity 6713.2890,
Train Epoch: [2/30] Iters:[910/3750] loss 0.3954, rec_loss 0.0057, p_loss 0.1414, utilization 0.2070, perplexity 6777.4746,
Train Epoch: [2/30] Iters:[920/3750] loss 0.3907, rec_loss 0.0057, p_loss 0.1401, utilization 0.2068, perplexity 6714.7422,
Train Epoch: [2/30] Iters:[930/3750] loss 0.3925, rec_loss 0.0058, p_loss 0.1410, utilization 0.2083, perplexity 6813.5903,
Train Epoch: [2/30] Iters:[940/3750] loss 0.3924, rec_loss 0.0059, p_loss 0.1421, utilization 0.2095, perplexity 6961.1905,
Train Epoch: [2/30] Iters:[950/3750] loss 0.3908, rec_loss 0.0061, p_loss 0.1414, utilization 0.2095, perplexity 6939.7903,
Train Epoch: [2/30] Iters:[960/3750] loss 0.3851, rec_loss 0.0063, p_loss 0.1410, utilization 0.2091, perplexity 6938.2435,
Train Epoch: [2/30] Iters:[970/3750] loss 0.3852, rec_loss 0.0060, p_loss 0.1413, utilization 0.2097, perplexity 7038.0937,
Train Epoch: [2/30] Iters:[980/3750] loss 0.3880, rec_loss 0.0060, p_loss 0.1413, utilization 0.2100, perplexity 7036.8730,
Train Epoch: [2/30] Iters:[990/3750] loss 0.3858, rec_loss 0.0061, p_loss 0.1404, utilization 0.2092, perplexity 6936.5198,
Train Epoch: [2/30] Iters:[1000/3750] loss 0.3806, rec_loss 0.0057, p_loss 0.1390, utilization 0.2110, perplexity 7116.6308,
Train Epoch: [2/30] Iters:[1010/3750] loss 0.3833, rec_loss 0.0055, p_loss 0.1376, utilization 0.2114, perplexity 7111.3418,
Train Epoch: [2/30] Iters:[1020/3750] loss 0.3843, rec_loss 0.0058, p_loss 0.1371, utilization 0.2125, perplexity 7228.4722,
Train Epoch: [2/30] Iters:[1030/3750] loss 0.3796, rec_loss 0.0057, p_loss 0.1357, utilization 0.2136, perplexity 7352.5070,
Train Epoch: [2/30] Iters:[1040/3750] loss 0.3772, rec_loss 0.0057, p_loss 0.1350, utilization 0.2159, perplexity 7576.0754,
Train Epoch: [2/30] Iters:[1050/3750] loss 0.3775, rec_loss 0.0057, p_loss 0.1345, utilization 0.2162, perplexity 7607.6920,
Train Epoch: [2/30] Iters:[1060/3750] loss 0.3732, rec_loss 0.0056, p_loss 0.1343, utilization 0.2180, perplexity 7766.1637,
Train Epoch: [2/30] Iters:[1070/3750] loss 0.3717, rec_loss 0.0054, p_loss 0.1347, utilization 0.2164, perplexity 7596.9272,
Train Epoch: [2/30] Iters:[1080/3750] loss 0.3683, rec_loss 0.0053, p_loss 0.1347, utilization 0.2160, perplexity 7525.9799,
Train Epoch: [2/30] Iters:[1090/3750] loss 0.3655, rec_loss 0.0052, p_loss 0.1345, utilization 0.2156, perplexity 7472.5346,
Train Epoch: [2/30] Iters:[1100/3750] loss 0.3738, rec_loss 0.0054, p_loss 0.1369, utilization 0.2148, perplexity 7319.9667,
Train Epoch: [2/30] Iters:[1110/3750] loss 0.3749, rec_loss 0.0055, p_loss 0.1380, utilization 0.2148, perplexity 7329.4910,
Train Epoch: [2/30] Iters:[1120/3750] loss 0.3724, rec_loss 0.0055, p_loss 0.1365, utilization 0.2184, perplexity 7633.5986,
Train Epoch: [2/30] Iters:[1130/3750] loss 0.3716, rec_loss 0.0058, p_loss 0.1361, utilization 0.2186, perplexity 7659.2676,
Train Epoch: [2/30] Iters:[1140/3750] loss 0.3715, rec_loss 0.0058, p_loss 0.1355, utilization 0.2190, perplexity 7604.9271,
Train Epoch: [2/30] Iters:[1150/3750] loss 0.3644, rec_loss 0.0056, p_loss 0.1329, utilization 0.2190, perplexity 7666.9814,
Train Epoch: [2/30] Iters:[1160/3750] loss 0.3612, rec_loss 0.0054, p_loss 0.1333, utilization 0.2193, perplexity 7657.4089,
Train Epoch: [2/30] Iters:[1170/3750] loss 0.3617, rec_loss 0.0052, p_loss 0.1327, utilization 0.2188, perplexity 7579.7030,
Train Epoch: [2/30] Iters:[1180/3750] loss 0.3623, rec_loss 0.0050, p_loss 0.1328, utilization 0.2196, perplexity 7676.0094,
Train Epoch: [2/30] Iters:[1190/3750] loss 0.3621, rec_loss 0.0052, p_loss 0.1330, utilization 0.2207, perplexity 7886.9457,
Train Epoch: [2/30] Iters:[1200/3750] loss 0.3618, rec_loss 0.0058, p_loss 0.1343, utilization 0.2203, perplexity 7861.1041,
Train Epoch: [2/30] Iters:[1210/3750] loss 0.3611, rec_loss 0.0057, p_loss 0.1320, utilization 0.2201, perplexity 7778.2219,
Train Epoch: [2/30] Iters:[1220/3750] loss 0.3606, rec_loss 0.0059, p_loss 0.1329, utilization 0.2195, perplexity 7659.5637,
Train Epoch: [2/30] Iters:[1230/3750] loss 0.3605, rec_loss 0.0060, p_loss 0.1329, utilization 0.2204, perplexity 7677.9091,
Train Epoch: [2/30] Iters:[1240/3750] loss 0.3624, rec_loss 0.0058, p_loss 0.1350, utilization 0.2200, perplexity 7596.4485,
Train Epoch: [2/30] Iters:[1250/3750] loss 0.3619, rec_loss 0.0053, p_loss 0.1345, utilization 0.2225, perplexity 7826.3514,
Train Epoch: [2/30] Iters:[1260/3750] loss 0.3641, rec_loss 0.0054, p_loss 0.1355, utilization 0.2236, perplexity 7992.6259,
Train Epoch: [2/30] Iters:[1270/3750] loss 0.3633, rec_loss 0.0055, p_loss 0.1355, utilization 0.2248, perplexity 8156.7434,
Train Epoch: [2/30] Iters:[1280/3750] loss 0.3627, rec_loss 0.0056, p_loss 0.1352, utilization 0.2238, perplexity 8091.5956,
Train Epoch: [2/30] Iters:[1290/3750] loss 0.3635, rec_loss 0.0057, p_loss 0.1341, utilization 0.2225, perplexity 7896.6987,
Train Epoch: [2/30] Iters:[1300/3750] loss 0.3650, rec_loss 0.0059, p_loss 0.1344, utilization 0.2227, perplexity 7899.0531,
Train Epoch: [2/30] Iters:[1310/3750] loss 0.3639, rec_loss 0.0057, p_loss 0.1355, utilization 0.2223, perplexity 7774.3220,
Train Epoch: [2/30] Iters:[1320/3750] loss 0.3624, rec_loss 0.0055, p_loss 0.1347, utilization 0.2223, perplexity 7737.7523,
Train Epoch: [2/30] Iters:[1330/3750] loss 0.3615, rec_loss 0.0053, p_loss 0.1352, utilization 0.2233, perplexity 7795.7649,
Train Epoch: [2/30] Iters:[1340/3750] loss 0.3574, rec_loss 0.0052, p_loss 0.1359, utilization 0.2253, perplexity 8016.2731,
Train Epoch: [2/30] Iters:[1350/3750] loss 0.3556, rec_loss 0.0051, p_loss 0.1350, utilization 0.2244, perplexity 7871.3883,
Train Epoch: [2/30] Iters:[1360/3750] loss 0.3533, rec_loss 0.0051, p_loss 0.1334, utilization 0.2247, perplexity 8034.6387,
Train Epoch: [2/30] Iters:[1370/3750] loss 0.3542, rec_loss 0.0051, p_loss 0.1333, utilization 0.2262, perplexity 8172.4678,
Train Epoch: [2/30] Iters:[1380/3750] loss 0.3568, rec_loss 0.0052, p_loss 0.1330, utilization 0.2264, perplexity 8219.0445,
Train Epoch: [2/30] Iters:[1390/3750] loss 0.3551, rec_loss 0.0053, p_loss 0.1318, utilization 0.2260, perplexity 8194.0409,
Train Epoch: [2/30] Iters:[1400/3750] loss 0.3518, rec_loss 0.0051, p_loss 0.1309, utilization 0.2275, perplexity 8377.4206,
Train Epoch: [2/30] Iters:[1410/3750] loss 0.3539, rec_loss 0.0052, p_loss 0.1315, utilization 0.2273, perplexity 8277.4422,
Train Epoch: [2/30] Iters:[1420/3750] loss 0.3537, rec_loss 0.0051, p_loss 0.1323, utilization 0.2269, perplexity 8233.6576,
Train Epoch: [2/30] Iters:[1430/3750] loss 0.3473, rec_loss 0.0050, p_loss 0.1318, utilization 0.2259, perplexity 8166.5541,
Train Epoch: [2/30] Iters:[1440/3750] loss 0.3497, rec_loss 0.0050, p_loss 0.1317, utilization 0.2264, perplexity 8304.4420,
Train Epoch: [2/30] Iters:[1450/3750] loss 0.3505, rec_loss 0.0049, p_loss 0.1320, utilization 0.2265, perplexity 8231.6981,
Train Epoch: [2/30] Iters:[1460/3750] loss 0.3479, rec_loss 0.0048, p_loss 0.1316, utilization 0.2283, perplexity 8368.4813,
Train Epoch: [2/30] Iters:[1470/3750] loss 0.3470, rec_loss 0.0048, p_loss 0.1308, utilization 0.2287, perplexity 8427.8117,
Train Epoch: [2/30] Iters:[1480/3750] loss 0.3505, rec_loss 0.0048, p_loss 0.1302, utilization 0.2313, perplexity 8568.6756,
Train Epoch: [2/30] Iters:[1490/3750] loss 0.3509, rec_loss 0.0047, p_loss 0.1305, utilization 0.2326, perplexity 8598.2441,
Train Epoch: [2/30] Iters:[1500/3750] loss 0.3556, rec_loss 0.0049, p_loss 0.1324, utilization 0.2326, perplexity 8565.4239,
Train Epoch: [2/30] Iters:[1510/3750] loss 0.3606, rec_loss 0.0051, p_loss 0.1330, utilization 0.2315, perplexity 8403.3660,
Train Epoch: [2/30] Iters:[1520/3750] loss 0.3599, rec_loss 0.0051, p_loss 0.1336, utilization 0.2311, perplexity 8311.2955,
Train Epoch: [2/30] Iters:[1530/3750] loss 0.3587, rec_loss 0.0053, p_loss 0.1341, utilization 0.2310, perplexity 8331.4994,
Train Epoch: [2/30] Iters:[1540/3750] loss 0.3556, rec_loss 0.0055, p_loss 0.1334, utilization 0.2299, perplexity 8241.9995,
Train Epoch: [2/30] Iters:[1550/3750] loss 0.3490, rec_loss 0.0054, p_loss 0.1308, utilization 0.2304, perplexity 8290.0113,
Train Epoch: [2/30] Iters:[1560/3750] loss 0.3395, rec_loss 0.0052, p_loss 0.1282, utilization 0.2329, perplexity 8647.6657,
Train Epoch: [2/30] Iters:[1570/3750] loss 0.3372, rec_loss 0.0053, p_loss 0.1266, utilization 0.2335, perplexity 8769.3392,
Train Epoch: [2/30] Iters:[1580/3750] loss 0.3359, rec_loss 0.0052, p_loss 0.1257, utilization 0.2330, perplexity 8751.6725,
Train Epoch: [2/30] Iters:[1590/3750] loss 0.3354, rec_loss 0.0053, p_loss 0.1254, utilization 0.2349, perplexity 8910.2090,
Train Epoch: [2/30] Iters:[1600/3750] loss 0.3382, rec_loss 0.0055, p_loss 0.1260, utilization 0.2362, perplexity 9044.8890,
Train Epoch: [2/30] Iters:[1610/3750] loss 0.3410, rec_loss 0.0056, p_loss 0.1277, utilization 0.2347, perplexity 8837.6477,
Train Epoch: [2/30] Iters:[1620/3750] loss 0.3387, rec_loss 0.0055, p_loss 0.1271, utilization 0.2346, perplexity 8773.3707,
Train Epoch: [2/30] Iters:[1630/3750] loss 0.3380, rec_loss 0.0054, p_loss 0.1277, utilization 0.2353, perplexity 8856.2544,
Train Epoch: [2/30] Iters:[1640/3750] loss 0.3360, rec_loss 0.0052, p_loss 0.1275, utilization 0.2357, perplexity 8963.7592,
Train Epoch: [2/30] Iters:[1650/3750] loss 0.3328, rec_loss 0.0051, p_loss 0.1280, utilization 0.2354, perplexity 8905.3390,
Train Epoch: [2/30] Iters:[1660/3750] loss 0.3357, rec_loss 0.0052, p_loss 0.1285, utilization 0.2365, perplexity 9033.8952,
Train Epoch: [2/30] Iters:[1670/3750] loss 0.3384, rec_loss 0.0052, p_loss 0.1284, utilization 0.2375, perplexity 9218.3111,
Train Epoch: [2/30] Iters:[1680/3750] loss 0.3414, rec_loss 0.0052, p_loss 0.1281, utilization 0.2380, perplexity 9162.6275,
Train Epoch: [2/30] Iters:[1690/3750] loss 0.3404, rec_loss 0.0051, p_loss 0.1269, utilization 0.2375, perplexity 8987.9481,
Train Epoch: [2/30] Iters:[1700/3750] loss 0.3416, rec_loss 0.0050, p_loss 0.1259, utilization 0.2377, perplexity 9056.1319,
Train Epoch: [2/30] Iters:[1710/3750] loss 0.3394, rec_loss 0.0048, p_loss 0.1242, utilization 0.2383, perplexity 9115.0790,
Train Epoch: [2/30] Iters:[1720/3750] loss 0.3395, rec_loss 0.0049, p_loss 0.1248, utilization 0.2385, perplexity 9007.8250,
Train Epoch: [2/30] Iters:[1730/3750] loss 0.3354, rec_loss 0.0048, p_loss 0.1243, utilization 0.2393, perplexity 9124.3879,
Train Epoch: [2/30] Iters:[1740/3750] loss 0.3399, rec_loss 0.0050, p_loss 0.1267, utilization 0.2395, perplexity 9137.7769,
Train Epoch: [2/30] Iters:[1750/3750] loss 0.3381, rec_loss 0.0050, p_loss 0.1263, utilization 0.2407, perplexity 9190.7722,
Train Epoch: [2/30] Iters:[1760/3750] loss 0.3391, rec_loss 0.0050, p_loss 0.1272, utilization 0.2413, perplexity 9158.5388,
Train Epoch: [2/30] Iters:[1770/3750] loss 0.3424, rec_loss 0.0050, p_loss 0.1278, utilization 0.2425, perplexity 9222.7756,
Train Epoch: [2/30] Iters:[1780/3750] loss 0.3428, rec_loss 0.0050, p_loss 0.1269, utilization 0.2426, perplexity 9241.1284,
Train Epoch: [2/30] Iters:[1790/3750] loss 0.3404, rec_loss 0.0048, p_loss 0.1254, utilization 0.2442, perplexity 9407.0846,
Train Epoch: [2/30] Iters:[1800/3750] loss 0.3427, rec_loss 0.0050, p_loss 0.1263, utilization 0.2446, perplexity 9407.6663,
Train Epoch: [2/30] Iters:[1810/3750] loss 0.3391, rec_loss 0.0051, p_loss 0.1260, utilization 0.2431, perplexity 9264.7976,
Train Epoch: [2/30] Iters:[1820/3750] loss 0.3357, rec_loss 0.0051, p_loss 0.1258, utilization 0.2430, perplexity 9238.4192,
Train Epoch: [2/30] Iters:[1830/3750] loss 0.3356, rec_loss 0.0053, p_loss 0.1260, utilization 0.2437, perplexity 9270.4051,
Train Epoch: [2/30] Iters:[1840/3750] loss 0.3332, rec_loss 0.0053, p_loss 0.1264, utilization 0.2422, perplexity 9134.5718,
Train Epoch: [2/30] Iters:[1850/3750] loss 0.3349, rec_loss 0.0053, p_loss 0.1269, utilization 0.2421, perplexity 9166.9347,
Train Epoch: [2/30] Iters:[1860/3750] loss 0.3372, rec_loss 0.0052, p_loss 0.1264, utilization 0.2422, perplexity 9234.1325,
Train Epoch: [2/30] Iters:[1870/3750] loss 0.3338, rec_loss 0.0050, p_loss 0.1249, utilization 0.2422, perplexity 9243.4574,
Train Epoch: [2/30] Iters:[1880/3750] loss 0.3347, rec_loss 0.0050, p_loss 0.1258, utilization 0.2415, perplexity 9140.3749,
Train Epoch: [2/30] Iters:[1890/3750] loss 0.3349, rec_loss 0.0051, p_loss 0.1246, utilization 0.2423, perplexity 9174.9847,
Train Epoch: [2/30] Iters:[1900/3750] loss 0.3304, rec_loss 0.0047, p_loss 0.1227, utilization 0.2418, perplexity 9067.9932,
Train Epoch: [2/30] Iters:[1910/3750] loss 0.3284, rec_loss 0.0046, p_loss 0.1221, utilization 0.2414, perplexity 8984.2852,
Train Epoch: [2/30] Iters:[1920/3750] loss 0.3291, rec_loss 0.0046, p_loss 0.1227, utilization 0.2410, perplexity 8958.6250,
Train Epoch: [2/30] Iters:[1930/3750] loss 0.3302, rec_loss 0.0046, p_loss 0.1247, utilization 0.2414, perplexity 9019.4775,
Train Epoch: [2/30] Iters:[1940/3750] loss 0.3321, rec_loss 0.0045, p_loss 0.1258, utilization 0.2414, perplexity 9009.7287,
Train Epoch: [2/30] Iters:[1950/3750] loss 0.3286, rec_loss 0.0047, p_loss 0.1260, utilization 0.2424, perplexity 9150.6787,
Train Epoch: [2/30] Iters:[1960/3750] loss 0.3292, rec_loss 0.0048, p_loss 0.1263, utilization 0.2443, perplexity 9334.8818,
Train Epoch: [2/30] Iters:[1970/3750] loss 0.3317, rec_loss 0.0048, p_loss 0.1264, utilization 0.2462, perplexity 9532.8235,
Train Epoch: [2/30] Iters:[1980/3750] loss 0.3256, rec_loss 0.0047, p_loss 0.1235, utilization 0.2467, perplexity 9578.5253,
Train Epoch: [2/30] Iters:[1990/3750] loss 0.3216, rec_loss 0.0047, p_loss 0.1216, utilization 0.2481, perplexity 9750.0245,
Train Epoch: [2/30] Iters:[2000/3750] loss 0.3186, rec_loss 0.0045, p_loss 0.1198, utilization 0.2469, perplexity 9589.8072,
Train Epoch: [2/30] Iters:[2010/3750] loss 0.3210, rec_loss 0.0044, p_loss 0.1198, utilization 0.2480, perplexity 9748.1943,
Train Epoch: [2/30] Iters:[2020/3750] loss 0.3166, rec_loss 0.0044, p_loss 0.1184, utilization 0.2476, perplexity 9663.6987,
Train Epoch: [2/30] Iters:[2030/3750] loss 0.3190, rec_loss 0.0044, p_loss 0.1186, utilization 0.2487, perplexity 9740.1569,
Train Epoch: [2/30] Iters:[2040/3750] loss 0.3229, rec_loss 0.0044, p_loss 0.1196, utilization 0.2483, perplexity 9692.2855,
Train Epoch: [2/30] Iters:[2050/3750] loss 0.3294, rec_loss 0.0045, p_loss 0.1215, utilization 0.2489, perplexity 9732.0751,
Train Epoch: [2/30] Iters:[2060/3750] loss 0.3246, rec_loss 0.0047, p_loss 0.1219, utilization 0.2468, perplexity 9434.1915,
Train Epoch: [2/30] Iters:[2070/3750] loss 0.3258, rec_loss 0.0047, p_loss 0.1228, utilization 0.2475, perplexity 9482.8070,
Train Epoch: [2/30] Iters:[2080/3750] loss 0.3239, rec_loss 0.0046, p_loss 0.1224, utilization 0.2487, perplexity 9567.2339,
Train Epoch: [2/30] Iters:[2090/3750] loss 0.3208, rec_loss 0.0045, p_loss 0.1216, utilization 0.2476, perplexity 9394.4485,
Train Epoch: [2/30] Iters:[2100/3750] loss 0.3167, rec_loss 0.0044, p_loss 0.1193, utilization 0.2506, perplexity 9738.2780,
Train Epoch: [2/30] Iters:[2110/3750] loss 0.3226, rec_loss 0.0043, p_loss 0.1190, utilization 0.2534, perplexity 10047.3615,
Train Epoch: [2/30] Iters:[2120/3750] loss 0.3213, rec_loss 0.0043, p_loss 0.1184, utilization 0.2534, perplexity 10084.8603,
Train Epoch: [2/30] Iters:[2130/3750] loss 0.3198, rec_loss 0.0044, p_loss 0.1186, utilization 0.2523, perplexity 9975.2016,
Train Epoch: [2/30] Iters:[2140/3750] loss 0.3193, rec_loss 0.0045, p_loss 0.1181, utilization 0.2544, perplexity 10266.0051,
Train Epoch: [2/30] Iters:[2150/3750] loss 0.3183, rec_loss 0.0046, p_loss 0.1187, utilization 0.2528, perplexity 10059.1525,
Train Epoch: [2/30] Iters:[2160/3750] loss 0.3134, rec_loss 0.0046, p_loss 0.1183, utilization 0.2520, perplexity 9917.9989,
Train Epoch: [2/30] Iters:[2170/3750] loss 0.3144, rec_loss 0.0048, p_loss 0.1192, utilization 0.2512, perplexity 9737.7302,
Train Epoch: [2/30] Iters:[2180/3750] loss 0.3156, rec_loss 0.0048, p_loss 0.1192, utilization 0.2517, perplexity 9827.8045,
Train Epoch: [2/30] Iters:[2190/3750] loss 0.3174, rec_loss 0.0048, p_loss 0.1210, utilization 0.2518, perplexity 9733.4310,
Train Epoch: [2/30] Iters:[2200/3750] loss 0.3166, rec_loss 0.0047, p_loss 0.1199, utilization 0.2532, perplexity 9885.8793,
Train Epoch: [2/30] Iters:[2210/3750] loss 0.3148, rec_loss 0.0048, p_loss 0.1203, utilization 0.2518, perplexity 9777.4832,
Train Epoch: [2/30] Iters:[2220/3750] loss 0.3191, rec_loss 0.0047, p_loss 0.1199, utilization 0.2526, perplexity 9915.2648,
Train Epoch: [2/30] Iters:[2230/3750] loss 0.3232, rec_loss 0.0048, p_loss 0.1205, utilization 0.2530, perplexity 9955.9339,
Train Epoch: [2/30] Iters:[2240/3750] loss 0.3199, rec_loss 0.0048, p_loss 0.1190, utilization 0.2528, perplexity 9961.2946,
Train Epoch: [2/30] Iters:[2250/3750] loss 0.3233, rec_loss 0.0048, p_loss 0.1211, utilization 0.2511, perplexity 9769.2517,
Train Epoch: [2/30] Iters:[2260/3750] loss 0.3239, rec_loss 0.0047, p_loss 0.1203, utilization 0.2536, perplexity 10010.4248,
Train Epoch: [2/30] Iters:[2270/3750] loss 0.3190, rec_loss 0.0048, p_loss 0.1215, utilization 0.2534, perplexity 10047.0936,
Train Epoch: [2/30] Iters:[2280/3750] loss 0.3147, rec_loss 0.0046, p_loss 0.1210, utilization 0.2537, perplexity 10094.6944,
Train Epoch: [2/30] Iters:[2290/3750] loss 0.3138, rec_loss 0.0046, p_loss 0.1198, utilization 0.2545, perplexity 10232.1598,
Train Epoch: [2/30] Iters:[2300/3750] loss 0.3129, rec_loss 0.0046, p_loss 0.1194, utilization 0.2561, perplexity 10406.8472,
Train Epoch: [2/30] Iters:[2310/3750] loss 0.3141, rec_loss 0.0045, p_loss 0.1200, utilization 0.2545, perplexity 10273.4565,
Train Epoch: [2/30] Iters:[2320/3750] loss 0.3195, rec_loss 0.0047, p_loss 0.1201, utilization 0.2538, perplexity 10156.2629,
Train Epoch: [2/30] Iters:[2330/3750] loss 0.3194, rec_loss 0.0047, p_loss 0.1189, utilization 0.2533, perplexity 9985.1129,
Train Epoch: [2/30] Iters:[2340/3750] loss 0.3198, rec_loss 0.0048, p_loss 0.1192, utilization 0.2533, perplexity 9942.7969,
Train Epoch: [2/30] Iters:[2350/3750] loss 0.3194, rec_loss 0.0051, p_loss 0.1186, utilization 0.2531, perplexity 9963.1218,
Train Epoch: [2/30] Iters:[2360/3750] loss 0.3182, rec_loss 0.0053, p_loss 0.1185, utilization 0.2542, perplexity 10029.4491,
Train Epoch: [2/30] Iters:[2370/3750] loss 0.3146, rec_loss 0.0052, p_loss 0.1177, utilization 0.2566, perplexity 10302.3014,
Train Epoch: [2/30] Iters:[2380/3750] loss 0.3149, rec_loss 0.0054, p_loss 0.1185, utilization 0.2564, perplexity 10339.7821,
Train Epoch: [2/30] Iters:[2390/3750] loss 0.3110, rec_loss 0.0053, p_loss 0.1178, utilization 0.2566, perplexity 10369.6324,
Train Epoch: [2/30] Iters:[2400/3750] loss 0.3119, rec_loss 0.0049, p_loss 0.1185, utilization 0.2566, perplexity 10263.1968,
Train Epoch: [2/30] Iters:[2410/3750] loss 0.3111, rec_loss 0.0045, p_loss 0.1171, utilization 0.2576, perplexity 10348.9876,
Train Epoch: [2/30] Iters:[2420/3750] loss 0.3095, rec_loss 0.0044, p_loss 0.1168, utilization 0.2569, perplexity 10269.8079,
Train Epoch: [2/30] Iters:[2430/3750] loss 0.3130, rec_loss 0.0043, p_loss 0.1182, utilization 0.2558, perplexity 10081.6782,
Train Epoch: [2/30] Iters:[2440/3750] loss 0.3174, rec_loss 0.0044, p_loss 0.1202, utilization 0.2568, perplexity 10125.5211,
Train Epoch: [2/30] Iters:[2450/3750] loss 0.3178, rec_loss 0.0046, p_loss 0.1211, utilization 0.2576, perplexity 10228.4312,
Train Epoch: [2/30] Iters:[2460/3750] loss 0.3195, rec_loss 0.0046, p_loss 0.1218, utilization 0.2575, perplexity 10225.7974,
Train Epoch: [2/30] Iters:[2470/3750] loss 0.3176, rec_loss 0.0045, p_loss 0.1214, utilization 0.2571, perplexity 10125.3467,
Train Epoch: [2/30] Iters:[2480/3750] loss 0.3118, rec_loss 0.0043, p_loss 0.1191, utilization 0.2581, perplexity 10263.7303,
Train Epoch: [2/30] Iters:[2490/3750] loss 0.3116, rec_loss 0.0042, p_loss 0.1180, utilization 0.2559, perplexity 10129.0018,
Train Epoch: [2/30] Iters:[2500/3750] loss 0.3104, rec_loss 0.0040, p_loss 0.1168, utilization 0.2551, perplexity 10043.7395,
Train Epoch: [2/30] Iters:[2510/3750] loss 0.3111, rec_loss 0.0041, p_loss 0.1176, utilization 0.2552, perplexity 10079.9651,
Train Epoch: [2/30] Iters:[2520/3750] loss 0.3150, rec_loss 0.0043, p_loss 0.1184, utilization 0.2547, perplexity 9980.4151,
Train Epoch: [2/30] Iters:[2530/3750] loss 0.3167, rec_loss 0.0043, p_loss 0.1186, utilization 0.2572, perplexity 10206.1577,
Train Epoch: [2/30] Iters:[2540/3750] loss 0.3150, rec_loss 0.0045, p_loss 0.1196, utilization 0.2581, perplexity 10245.6510,
Train Epoch: [2/30] Iters:[2550/3750] loss 0.3114, rec_loss 0.0045, p_loss 0.1189, utilization 0.2576, perplexity 10250.4447,
Train Epoch: [2/30] Iters:[2560/3750] loss 0.3097, rec_loss 0.0044, p_loss 0.1181, utilization 0.2583, perplexity 10243.4640,
Train Epoch: [2/30] Iters:[2570/3750] loss 0.3046, rec_loss 0.0043, p_loss 0.1173, utilization 0.2591, perplexity 10338.1641,
Train Epoch: [2/30] Iters:[2580/3750] loss 0.3062, rec_loss 0.0042, p_loss 0.1175, utilization 0.2588, perplexity 10378.8766,
Train Epoch: [2/30] Iters:[2590/3750] loss 0.3049, rec_loss 0.0040, p_loss 0.1154, utilization 0.2605, perplexity 10512.6145,
Train Epoch: [2/30] Iters:[2600/3750] loss 0.3060, rec_loss 0.0039, p_loss 0.1158, utilization 0.2611, perplexity 10568.8927,
Train Epoch: [2/30] Iters:[2610/3750] loss 0.3045, rec_loss 0.0040, p_loss 0.1153, utilization 0.2598, perplexity 10492.1880,
Train Epoch: [2/30] Iters:[2620/3750] loss 0.3108, rec_loss 0.0041, p_loss 0.1157, utilization 0.2609, perplexity 10605.1831,
Train Epoch: [2/30] Iters:[2630/3750] loss 0.3044, rec_loss 0.0041, p_loss 0.1138, utilization 0.2592, perplexity 10350.4000,
Train Epoch: [2/30] Iters:[2640/3750] loss 0.3082, rec_loss 0.0042, p_loss 0.1149, utilization 0.2583, perplexity 10245.2642,
Train Epoch: [2/30] Iters:[2650/3750] loss 0.3086, rec_loss 0.0043, p_loss 0.1133, utilization 0.2608, perplexity 10448.7445,
Train Epoch: [2/30] Iters:[2660/3750] loss 0.3077, rec_loss 0.0045, p_loss 0.1142, utilization 0.2597, perplexity 10301.4211,
Train Epoch: [2/30] Iters:[2670/3750] loss 0.3055, rec_loss 0.0047, p_loss 0.1138, utilization 0.2597, perplexity 10310.0287,
Train Epoch: [2/30] Iters:[2680/3750] loss 0.3086, rec_loss 0.0049, p_loss 0.1140, utilization 0.2616, perplexity 10543.9006,
Train Epoch: [2/30] Iters:[2690/3750] loss 0.3071, rec_loss 0.0050, p_loss 0.1139, utilization 0.2623, perplexity 10579.9954,
Train Epoch: [2/30] Iters:[2700/3750] loss 0.3087, rec_loss 0.0051, p_loss 0.1156, utilization 0.2603, perplexity 10301.5192,
Train Epoch: [2/30] Iters:[2710/3750] loss 0.3129, rec_loss 0.0051, p_loss 0.1161, utilization 0.2610, perplexity 10380.9977,
Train Epoch: [2/30] Iters:[2720/3750] loss 0.3097, rec_loss 0.0049, p_loss 0.1154, utilization 0.2600, perplexity 10338.3070,
Train Epoch: [2/30] Iters:[2730/3750] loss 0.3128, rec_loss 0.0051, p_loss 0.1166, utilization 0.2606, perplexity 10406.9835,
Train Epoch: [2/30] Iters:[2740/3750] loss 0.3117, rec_loss 0.0050, p_loss 0.1160, utilization 0.2603, perplexity 10445.0423,
Train Epoch: [2/30] Iters:[2750/3750] loss 0.3100, rec_loss 0.0048, p_loss 0.1156, utilization 0.2606, perplexity 10565.2715,
Train Epoch: [2/30] Iters:[2760/3750] loss 0.3066, rec_loss 0.0046, p_loss 0.1143, utilization 0.2603, perplexity 10541.2871,
Train Epoch: [2/30] Iters:[2770/3750] loss 0.3088, rec_loss 0.0045, p_loss 0.1141, utilization 0.2597, perplexity 10416.0909,
Train Epoch: [2/30] Iters:[2780/3750] loss 0.3067, rec_loss 0.0043, p_loss 0.1143, utilization 0.2589, perplexity 10226.7694,
Train Epoch: [2/30] Iters:[2790/3750] loss 0.3055, rec_loss 0.0042, p_loss 0.1142, utilization 0.2598, perplexity 10316.5386,
Train Epoch: [2/30] Iters:[2800/3750] loss 0.3061, rec_loss 0.0041, p_loss 0.1135, utilization 0.2605, perplexity 10306.8614,
Train Epoch: [2/30] Iters:[2810/3750] loss 0.3078, rec_loss 0.0043, p_loss 0.1138, utilization 0.2632, perplexity 10600.1774,
Train Epoch: [2/30] Iters:[2820/3750] loss 0.3027, rec_loss 0.0041, p_loss 0.1123, utilization 0.2647, perplexity 10811.6581,
Train Epoch: [2/30] Iters:[2830/3750] loss 0.3026, rec_loss 0.0041, p_loss 0.1130, utilization 0.2640, perplexity 10737.5004,
Train Epoch: [2/30] Iters:[2840/3750] loss 0.3042, rec_loss 0.0042, p_loss 0.1139, utilization 0.2644, perplexity 10769.4148,
Train Epoch: [2/30] Iters:[2850/3750] loss 0.3043, rec_loss 0.0044, p_loss 0.1167, utilization 0.2644, perplexity 10779.6012,
Train Epoch: [2/30] Iters:[2860/3750] loss 0.3007, rec_loss 0.0043, p_loss 0.1160, utilization 0.2634, perplexity 10701.4590,
Train Epoch: [2/30] Iters:[2870/3750] loss 0.3062, rec_loss 0.0046, p_loss 0.1186, utilization 0.2637, perplexity 10685.7907,
Train Epoch: [2/30] Iters:[2880/3750] loss 0.3077, rec_loss 0.0047, p_loss 0.1184, utilization 0.2633, perplexity 10729.5551,
Train Epoch: [2/30] Iters:[2890/3750] loss 0.3059, rec_loss 0.0046, p_loss 0.1173, utilization 0.2619, perplexity 10556.4609,
Train Epoch: [2/30] Iters:[2900/3750] loss 0.3034, rec_loss 0.0044, p_loss 0.1141, utilization 0.2619, perplexity 10582.6757,
Train Epoch: [2/30] Iters:[2910/3750] loss 0.3015, rec_loss 0.0042, p_loss 0.1138, utilization 0.2612, perplexity 10439.0614,
Train Epoch: [2/30] Iters:[2920/3750] loss 0.3027, rec_loss 0.0043, p_loss 0.1136, utilization 0.2614, perplexity 10464.6130,
Train Epoch: [2/30] Iters:[2930/3750] loss 0.3006, rec_loss 0.0039, p_loss 0.1124, utilization 0.2616, perplexity 10445.7786,
Train Epoch: [2/30] Iters:[2940/3750] loss 0.3034, rec_loss 0.0039, p_loss 0.1122, utilization 0.2611, perplexity 10329.7675,
Train Epoch: [2/30] Iters:[2950/3750] loss 0.3019, rec_loss 0.0040, p_loss 0.1117, utilization 0.2625, perplexity 10470.3329,
Train Epoch: [2/30] Iters:[2960/3750] loss 0.3014, rec_loss 0.0040, p_loss 0.1105, utilization 0.2632, perplexity 10517.6468,
Train Epoch: [2/30] Iters:[2970/3750] loss 0.3003, rec_loss 0.0039, p_loss 0.1094, utilization 0.2635, perplexity 10456.2224,
Train Epoch: [2/30] Iters:[2980/3750] loss 0.3020, rec_loss 0.0041, p_loss 0.1099, utilization 0.2665, perplexity 10791.9513,
Train Epoch: [2/30] Iters:[2990/3750] loss 0.2991, rec_loss 0.0041, p_loss 0.1102, utilization 0.2674, perplexity 10964.4691,
Train Epoch: [2/30] Iters:[3000/3750] loss 0.2984, rec_loss 0.0041, p_loss 0.1096, utilization 0.2666, perplexity 10894.9822,
Train Epoch: [2/30] Iters:[3010/3750] loss 0.3024, rec_loss 0.0041, p_loss 0.1113, utilization 0.2678, perplexity 10954.1151,
Train Epoch: [2/30] Iters:[3020/3750] loss 0.3008, rec_loss 0.0041, p_loss 0.1113, utilization 0.2671, perplexity 10972.8165,
Train Epoch: [2/30] Iters:[3030/3750] loss 0.3002, rec_loss 0.0042, p_loss 0.1106, utilization 0.2655, perplexity 10827.0665,
Train Epoch: [2/30] Iters:[3040/3750] loss 0.2974, rec_loss 0.0041, p_loss 0.1095, utilization 0.2659, perplexity 10881.9974,
Train Epoch: [2/30] Iters:[3050/3750] loss 0.2983, rec_loss 0.0041, p_loss 0.1109, utilization 0.2648, perplexity 10809.4601,
Train Epoch: [2/30] Iters:[3060/3750] loss 0.2997, rec_loss 0.0042, p_loss 0.1106, utilization 0.2648, perplexity 10834.4814,
Train Epoch: [2/30] Iters:[3070/3750] loss 0.2989, rec_loss 0.0042, p_loss 0.1107, utilization 0.2660, perplexity 10983.3222,
Train Epoch: [2/30] Iters:[3080/3750] loss 0.2967, rec_loss 0.0041, p_loss 0.1105, utilization 0.2663, perplexity 10954.2463,
Train Epoch: [2/30] Iters:[3090/3750] loss 0.3028, rec_loss 0.0044, p_loss 0.1127, utilization 0.2663, perplexity 10942.8734,
Train Epoch: [2/30] Iters:[3100/3750] loss 0.3057, rec_loss 0.0047, p_loss 0.1129, utilization 0.2683, perplexity 11183.2674,
Train Epoch: [2/30] Iters:[3110/3750] loss 0.3031, rec_loss 0.0046, p_loss 0.1124, utilization 0.2678, perplexity 11207.2817,
Train Epoch: [2/30] Iters:[3120/3750] loss 0.3042, rec_loss 0.0047, p_loss 0.1123, utilization 0.2678, perplexity 11152.6989,
Train Epoch: [2/30] Iters:[3130/3750] loss 0.3071, rec_loss 0.0048, p_loss 0.1134, utilization 0.2682, perplexity 11198.9133,
Train Epoch: [2/30] Iters:[3140/3750] loss 0.3067, rec_loss 0.0045, p_loss 0.1139, utilization 0.2686, perplexity 11120.1923,
Train Epoch: [2/30] Iters:[3150/3750] loss 0.3071, rec_loss 0.0043, p_loss 0.1150, utilization 0.2682, perplexity 10948.0743,
Train Epoch: [2/30] Iters:[3160/3750] loss 0.3077, rec_loss 0.0044, p_loss 0.1156, utilization 0.2687, perplexity 10979.9850,
Train Epoch: [2/30] Iters:[3170/3750] loss 0.3061, rec_loss 0.0044, p_loss 0.1149, utilization 0.2672, perplexity 10829.4266,
Train Epoch: [2/30] Iters:[3180/3750] loss 0.3057, rec_loss 0.0045, p_loss 0.1148, utilization 0.2683, perplexity 11008.0536,
Train Epoch: [2/30] Iters:[3190/3750] loss 0.3042, rec_loss 0.0046, p_loss 0.1133, utilization 0.2697, perplexity 11214.2597,
Train Epoch: [2/30] Iters:[3200/3750] loss 0.3008, rec_loss 0.0045, p_loss 0.1111, utilization 0.2687, perplexity 11188.3767,
Train Epoch: [2/30] Iters:[3210/3750] loss 0.2988, rec_loss 0.0044, p_loss 0.1107, utilization 0.2691, perplexity 11130.6132,
Train Epoch: [2/30] Iters:[3220/3750] loss 0.2951, rec_loss 0.0043, p_loss 0.1108, utilization 0.2706, perplexity 11378.2545,
Train Epoch: [2/30] Iters:[3230/3750] loss 0.2922, rec_loss 0.0041, p_loss 0.1092, utilization 0.2695, perplexity 11205.0080,
Train Epoch: [2/30] Iters:[3240/3750] loss 0.2938, rec_loss 0.0042, p_loss 0.1098, utilization 0.2680, perplexity 11035.2334,
Train Epoch: [2/30] Iters:[3250/3750] loss 0.2967, rec_loss 0.0041, p_loss 0.1114, utilization 0.2676, perplexity 10954.6826,
Train Epoch: [2/30] Iters:[3260/3750] loss 0.2979, rec_loss 0.0043, p_loss 0.1119, utilization 0.2676, perplexity 11023.3782,
Train Epoch: [2/30] Iters:[3270/3750] loss 0.3035, rec_loss 0.0043, p_loss 0.1122, utilization 0.2677, perplexity 10977.9173,
Train Epoch: [2/30] Iters:[3280/3750] loss 0.3041, rec_loss 0.0042, p_loss 0.1129, utilization 0.2670, perplexity 10849.1066,
Train Epoch: [2/30] Iters:[3290/3750] loss 0.3021, rec_loss 0.0042, p_loss 0.1122, utilization 0.2678, perplexity 10829.2725,
Train Epoch: [2/30] Iters:[3300/3750] loss 0.3027, rec_loss 0.0042, p_loss 0.1114, utilization 0.2682, perplexity 10923.6587,
Train Epoch: [2/30] Iters:[3310/3750] loss 0.3032, rec_loss 0.0042, p_loss 0.1103, utilization 0.2690, perplexity 10883.6054,
Train Epoch: [2/30] Iters:[3320/3750] loss 0.3012, rec_loss 0.0042, p_loss 0.1107, utilization 0.2676, perplexity 10676.6425,
Train Epoch: [2/30] Iters:[3330/3750] loss 0.3026, rec_loss 0.0043, p_loss 0.1100, utilization 0.2693, perplexity 10907.9409,
Train Epoch: [2/30] Iters:[3340/3750] loss 0.3027, rec_loss 0.0044, p_loss 0.1095, utilization 0.2694, perplexity 11039.2497,
Train Epoch: [2/30] Iters:[3350/3750] loss 0.2997, rec_loss 0.0044, p_loss 0.1093, utilization 0.2704, perplexity 11021.5978,
Train Epoch: [2/30] Iters:[3360/3750] loss 0.2967, rec_loss 0.0043, p_loss 0.1094, utilization 0.2689, perplexity 10928.3522,
Train Epoch: [2/30] Iters:[3370/3750] loss 0.2965, rec_loss 0.0042, p_loss 0.1091, utilization 0.2707, perplexity 11187.5262,
Train Epoch: [2/30] Iters:[3380/3750] loss 0.2949, rec_loss 0.0041, p_loss 0.1105, utilization 0.2694, perplexity 10955.1916,
Train Epoch: [2/30] Iters:[3390/3750] loss 0.2936, rec_loss 0.0038, p_loss 0.1105, utilization 0.2693, perplexity 10913.9444,
Train Epoch: [2/30] Iters:[3400/3750] loss 0.2948, rec_loss 0.0039, p_loss 0.1104, utilization 0.2703, perplexity 11068.1373,
Train Epoch: [2/30] Iters:[3410/3750] loss 0.2971, rec_loss 0.0040, p_loss 0.1115, utilization 0.2714, perplexity 11215.3223,
