#################transplant-stage###########################
/project/6105494/sunset/VQ-Projects/Rate-Distortion-Perspective/VAR-Transplant/reconstruction/Transplant/FFHQ/vanilla_vq_transplant_65536
compute FID of a folder with ffhq statistics
Found 70000 images in the folder /project/6105494/sunset/VQ-Projects/Rate-Distortion-Perspective/VAR-Transplant/reconstruction/Transplant/FFHQ/vanilla_vq_transplant_65536
FID: 7.1574477857080865
/project/6105494/sunset/VQ-Projects/Rate-Distortion-Perspective/VAR-Transplant/reconstruction/Transplant/FFHQ/ema_vq_transplant_65536
compute FID of a folder with ffhq statistics
Found 70000 images in the folder /project/6105494/sunset/VQ-Projects/Rate-Distortion-Perspective/VAR-Transplant/reconstruction/Transplant/FFHQ/ema_vq_transplant_65536
FID: 2.133033980911023
/project/6105494/sunset/VQ-Projects/Rate-Distortion-Perspective/VAR-Transplant/reconstruction/Transplant/FFHQ/online_vq_transplant_65536
compute FID of a folder with ffhq statistics
Found 70000 images in the folder /project/6105494/sunset/VQ-Projects/Rate-Distortion-Perspective/VAR-Transplant/reconstruction/Transplant/FFHQ/online_vq_transplant_65536
FID: 2.4082297431647817
/project/6105494/sunset/VQ-Projects/Rate-Distortion-Perspective/VAR-Transplant/reconstruction/Transplant/FFHQ/wasserstein_vq_transplant_65536
compute FID of a folder with ffhq statistics
Found 70000 images in the folder /project/6105494/sunset/VQ-Projects/Rate-Distortion-Perspective/VAR-Transplant/reconstruction/Transplant/FFHQ/wasserstein_vq_transplant_65536
FID: 2.1313017726471344
/project/6105494/sunset/VQ-Projects/Rate-Distortion-Perspective/VAR-Transplant/reconstruction/Transplant/FFHQ/vanilla_vq_transplant_2
compute FID of a folder with ffhq statistics
Found 70000 images in the folder /project/6105494/sunset/VQ-Projects/Rate-Distortion-Perspective/VAR-Transplant/reconstruction/Transplant/FFHQ/vanilla_vq_transplant_2
FID: 2.383519223822759
/project/6105494/sunset/VQ-Projects/Rate-Distortion-Perspective/VAR-Transplant/reconstruction/Transplant/FFHQ/ema_vq_transplant_2
compute FID of a folder with ffhq statistics
Found 70000 images in the folder /project/6105494/sunset/VQ-Projects/Rate-Distortion-Perspective/VAR-Transplant/reconstruction/Transplant/FFHQ/ema_vq_transplant_2
FID: 2.1373878358699017
/project/6105494/sunset/VQ-Projects/Rate-Distortion-Perspective/VAR-Transplant/reconstruction/Transplant/FFHQ/online_vq_transplant_2
compute FID of a folder with ffhq statistics
Found 70000 images in the folder /project/6105494/sunset/VQ-Projects/Rate-Distortion-Perspective/VAR-Transplant/reconstruction/Transplant/FFHQ/online_vq_transplant_2
FID: 2.4335712072434603
/project/6105494/sunset/VQ-Projects/Rate-Distortion-Perspective/VAR-Transplant/reconstruction/Transplant/FFHQ/wasserstein_vq_transplant_2
compute FID of a folder with ffhq statistics
Found 70000 images in the folder /project/6105494/sunset/VQ-Projects/Rate-Distortion-Perspective/VAR-Transplant/reconstruction/Transplant/FFHQ/wasserstein_vq_transplant_2
FID: 2.950098661375307
/project/6105494/sunset/VQ-Projects/Rate-Distortion-Perspective/VAR-Transplant/reconstruction/Transplant/FFHQ/mmd_vq_transplant_2
compute FID of a folder with ffhq statistics
Found 70000 images in the folder /project/6105494/sunset/VQ-Projects/Rate-Distortion-Perspective/VAR-Transplant/reconstruction/Transplant/FFHQ/mmd_vq_transplant_2
FID: 2.470032489705943
/project/6105494/sunset/VQ-Projects/Rate-Distortion-Perspective/VAR-Transplant/reconstruction/Transplant/FFHQ/fsq_transplant_8_4
compute FID of a folder with ffhq statistics
Found 70000 images in the folder /project/6105494/sunset/VQ-Projects/Rate-Distortion-Perspective/VAR-Transplant/reconstruction/Transplant/FFHQ/fsq_transplant_8_4
FID: 3.177891662107868
/project/6105494/sunset/VQ-Projects/Rate-Distortion-Perspective/VAR-Transplant/reconstruction/Transplant/FFHQ/bsq_transplant_16_2
compute FID of a folder with ffhq statistics
Found 70000 images in the folder /project/6105494/sunset/VQ-Projects/Rate-Distortion-Perspective/VAR-Transplant/reconstruction/Transplant/FFHQ/bsq_transplant_16_2
FID: 2.0866855065605705
/project/6105494/sunset/VQ-Projects/Rate-Distortion-Perspective/VAR-Transplant/reconstruction/Transplant/FFHQ/lfq_transplant_16_2
compute FID of a folder with ffhq statistics
Found 70000 images in the folder /project/6105494/sunset/VQ-Projects/Rate-Distortion-Perspective/VAR-Transplant/reconstruction/Transplant/FFHQ/lfq_transplant_16_2
FID: 3.702435445060928
