downloading InceptionV3 model...
warming up TensorFlow...
computing reference batch activations...
computing/reading reference batch statistics...
computing sample batch activations...
computing/reading sample batch statistics...
Computing evaluations...
Inception Score: 187.20565795898438
FID: 1.6796099852120392
writing to /project/6105494/sunset/VQ-Projects/VQ-Transplant/reconstruction/Transplant/ImageNet/ema_vq_transplant_2.txt
warming up TensorFlow...
computing reference batch activations...
computing/reading reference batch statistics...
computing sample batch activations...
computing/reading sample batch statistics...
Computing evaluations...
Inception Score: 189.47872924804688
FID: 1.6066969941611546
writing to /project/6105494/sunset/VQ-Projects/VQ-Transplant/reconstruction/Transplant/ImageNet/mmd_vq_transplant_2.txt
warming up TensorFlow...
computing reference batch activations...
computing/reading reference batch statistics...
computing sample batch activations...
computing/reading sample batch statistics...
Computing evaluations...
Inception Score: 185.65843200683594
FID: 1.7909594575868937
writing to /project/6105494/sunset/VQ-Projects/VQ-Transplant/reconstruction/Transplant/ImageNet/online_vq_transplant_2.txt
warming up TensorFlow...
computing reference batch activations...
computing/reading reference batch statistics...
computing sample batch activations...
computing/reading sample batch statistics...
Computing evaluations...
Inception Score: 183.119384765625
FID: 1.8442341084918894
writing to /project/6105494/sunset/VQ-Projects/VQ-Transplant/reconstruction/Transplant/ImageNet/vanilla_vq_transplant_2.txt
warming up TensorFlow...
computing reference batch activations...
computing/reading reference batch statistics...
computing sample batch activations...
computing/reading sample batch statistics...
Computing evaluations...
Inception Score: 185.74649047851562
FID: 1.7772163856801626
writing to /project/6105494/sunset/VQ-Projects/VQ-Transplant/reconstruction/Transplant/ImageNet/wasserstein_vq_transplant_2.txt
