#################refinement-stage###########################
/project/6105494/sunset/VQ-Projects/Rate-Distortion-Perspective/VAR-Transplant/reconstruction/Refinement/FFHQ/vanilla_vq_refinement_65536_5
compute FID of a folder with ffhq statistics
Found 70000 images in the folder /project/6105494/sunset/VQ-Projects/Rate-Distortion-Perspective/VAR-Transplant/reconstruction/Refinement/FFHQ/vanilla_vq_refinement_65536_5
FID: 2.9417867154396617
/project/6105494/sunset/VQ-Projects/Rate-Distortion-Perspective/VAR-Transplant/reconstruction/Refinement/FFHQ/vanilla_vq_refinement_65536_10
compute FID of a folder with ffhq statistics
Found 70000 images in the folder /project/6105494/sunset/VQ-Projects/Rate-Distortion-Perspective/VAR-Transplant/reconstruction/Refinement/FFHQ/vanilla_vq_refinement_65536_10
FID: 2.3101944437336215
/project/6105494/sunset/VQ-Projects/Rate-Distortion-Perspective/VAR-Transplant/reconstruction/Refinement/FFHQ/vanilla_vq_refinement_65536_15
compute FID of a folder with ffhq statistics
Found 70000 images in the folder /project/6105494/sunset/VQ-Projects/Rate-Distortion-Perspective/VAR-Transplant/reconstruction/Refinement/FFHQ/vanilla_vq_refinement_65536_15
FID: 2.652533967982947
/project/6105494/sunset/VQ-Projects/Rate-Distortion-Perspective/VAR-Transplant/reconstruction/Refinement/FFHQ/vanilla_vq_refinement_65536_20
compute FID of a folder with ffhq statistics
Found 70000 images in the folder /project/6105494/sunset/VQ-Projects/Rate-Distortion-Perspective/VAR-Transplant/reconstruction/Refinement/FFHQ/vanilla_vq_refinement_65536_20
FID: 2.743910660925735
/project/6105494/sunset/VQ-Projects/Rate-Distortion-Perspective/VAR-Transplant/reconstruction/Refinement/FFHQ/vanilla_vq_refinement_65536_25
compute FID of a folder with ffhq statistics
Found 70000 images in the folder /project/6105494/sunset/VQ-Projects/Rate-Distortion-Perspective/VAR-Transplant/reconstruction/Refinement/FFHQ/vanilla_vq_refinement_65536_25
FID: 2.7457509748750226
/project/6105494/sunset/VQ-Projects/Rate-Distortion-Perspective/VAR-Transplant/reconstruction/Refinement/FFHQ/vanilla_vq_refinement_65536_30
compute FID of a folder with ffhq statistics
