warming up TensorFlow...
computing reference batch activations...
computing/reading reference batch statistics...
computing sample batch activations...
computing/reading sample batch statistics...
Computing evaluations...
Inception Score: 187.93995666503906
FID: 1.298324086248499
writing to /project/6105494/sunset/VQ-Projects/VQ-Transplant/reconstruction/Refinement/ImageNet/mmd_vq_refinement_128_4_False_1.txt
warming up TensorFlow...
computing reference batch activations...
computing/reading reference batch statistics...
computing sample batch activations...
computing/reading sample batch statistics...
Computing evaluations...
Inception Score: 188.77243041992188
FID: 1.1862697942169689
writing to /project/6105494/sunset/VQ-Projects/VQ-Transplant/reconstruction/Refinement/ImageNet/mmd_vq_refinement_128_4_False_2.txt
warming up TensorFlow...
computing reference batch activations...
computing/reading reference batch statistics...
computing sample batch activations...
computing/reading sample batch statistics...
Computing evaluations...
Inception Score: 190.40069580078125
FID: 1.1075923610277414
writing to /project/6105494/sunset/VQ-Projects/VQ-Transplant/reconstruction/Refinement/ImageNet/mmd_vq_refinement_128_4_False_3.txt
warming up TensorFlow...
computing reference batch activations...
computing/reading reference batch statistics...
computing sample batch activations...
computing/reading sample batch statistics...
Computing evaluations...
Inception Score: 188.89578247070312
FID: 1.1590239002516682
writing to /project/6105494/sunset/VQ-Projects/VQ-Transplant/reconstruction/Refinement/ImageNet/mmd_vq_refinement_128_4_False_4.txt
warming up TensorFlow...
computing reference batch activations...
computing/reading reference batch statistics...
computing sample batch activations...
computing/reading sample batch statistics...
Computing evaluations...
Inception Score: 190.43739318847656
FID: 1.1033148781964996
writing to /project/6105494/sunset/VQ-Projects/VQ-Transplant/reconstruction/Refinement/ImageNet/mmd_vq_refinement_128_4_False_5.txt
warming up TensorFlow...
computing reference batch activations...
computing/reading reference batch statistics...
computing sample batch activations...
computing/reading sample batch statistics...
Computing evaluations...
Inception Score: 194.40817260742188
FID: 1.0613899184971842
writing to /project/6105494/sunset/VQ-Projects/VQ-Transplant/reconstruction/Refinement/ImageNet/mmd_vq_refinement_256_4_False_1.txt
warming up TensorFlow...
computing reference batch activations...
computing/reading reference batch statistics...
computing sample batch activations...
computing/reading sample batch statistics...
Computing evaluations...
Inception Score: 194.40750122070312
FID: 1.03991382753145
writing to /project/6105494/sunset/VQ-Projects/VQ-Transplant/reconstruction/Refinement/ImageNet/mmd_vq_refinement_256_4_False_2.txt
warming up TensorFlow...
computing reference batch activations...
computing/reading reference batch statistics...
computing sample batch activations...
computing/reading sample batch statistics...
Computing evaluations...
Inception Score: 195.0282745361328
FID: 0.9876139107711879
writing to /project/6105494/sunset/VQ-Projects/VQ-Transplant/reconstruction/Refinement/ImageNet/mmd_vq_refinement_256_4_False_3.txt
warming up TensorFlow...
computing reference batch activations...
computing/reading reference batch statistics...
computing sample batch activations...
computing/reading sample batch statistics...
Computing evaluations...
Inception Score: 195.24636840820312
FID: 0.964839129351958
writing to /project/6105494/sunset/VQ-Projects/VQ-Transplant/reconstruction/Refinement/ImageNet/mmd_vq_refinement_256_4_False_4.txt
warming up TensorFlow...
computing reference batch activations...
computing/reading reference batch statistics...
computing sample batch activations...
computing/reading sample batch statistics...
Computing evaluations...
Inception Score: 195.2657928466797
FID: 0.9619926003133514
writing to /project/6105494/sunset/VQ-Projects/VQ-Transplant/reconstruction/Refinement/ImageNet/mmd_vq_refinement_256_4_False_5.txt
