warming up TensorFlow...
computing reference batch activations...
computing/reading reference batch statistics...
computing sample batch activations...
computing/reading sample batch statistics...
Computing evaluations...
Inception Score: 207.1037139892578
FID: 0.6751788275349213
writing to /project/6105494/sunset/VQ-Projects/VQ-Transplant/reconstruction/Refinement/ImageNet/mmd_vq_refinement_16384_4_False_1.txt
warming up TensorFlow...
computing reference batch activations...
computing/reading reference batch statistics...
computing sample batch activations...
computing/reading sample batch statistics...
Computing evaluations...
Inception Score: 208.41232299804688
FID: 0.6144291521516152
writing to /project/6105494/sunset/VQ-Projects/VQ-Transplant/reconstruction/Refinement/ImageNet/mmd_vq_refinement_16384_4_False_2.txt
warming up TensorFlow...
computing reference batch activations...
computing/reading reference batch statistics...
computing sample batch activations...
computing/reading sample batch statistics...
Computing evaluations...
Inception Score: 210.2112579345703
FID: 0.5520701408204332
writing to /project/6105494/sunset/VQ-Projects/VQ-Transplant/reconstruction/Refinement/ImageNet/mmd_vq_refinement_16384_4_False_3.txt
warming up TensorFlow...
computing reference batch activations...
computing/reading reference batch statistics...
computing sample batch activations...
computing/reading sample batch statistics...
Computing evaluations...
Inception Score: 210.0714569091797
FID: 0.5364826697791614
writing to /project/6105494/sunset/VQ-Projects/VQ-Transplant/reconstruction/Refinement/ImageNet/mmd_vq_refinement_16384_4_False_4.txt
warming up TensorFlow...
computing reference batch activations...
computing/reading reference batch statistics...
computing sample batch activations...
computing/reading sample batch statistics...
Computing evaluations...
Inception Score: 209.5281524658203
FID: 0.5568938779715609
writing to /project/6105494/sunset/VQ-Projects/VQ-Transplant/reconstruction/Refinement/ImageNet/mmd_vq_refinement_16384_4_False_5.txt
warming up TensorFlow...
computing reference batch activations...
computing/reading reference batch statistics...
computing sample batch activations...
computing/reading sample batch statistics...
Computing evaluations...
Inception Score: 215.02560424804688
FID: 0.5320097711723406
writing to /project/6105494/sunset/VQ-Projects/VQ-Transplant/reconstruction/Refinement/ImageNet/mmd_vq_refinement_16384_8_False_1.txt
warming up TensorFlow...
computing reference batch activations...
computing/reading reference batch statistics...
computing sample batch activations...
computing/reading sample batch statistics...
Computing evaluations...
Inception Score: 215.4573974609375
FID: 0.5067876237936844
writing to /project/6105494/sunset/VQ-Projects/VQ-Transplant/reconstruction/Refinement/ImageNet/mmd_vq_refinement_16384_8_False_2.txt
warming up TensorFlow...
computing reference batch activations...
computing/reading reference batch statistics...
computing sample batch activations...
computing/reading sample batch statistics...
Computing evaluations...
Inception Score: 217.47836303710938
FID: 0.45359102187518374
writing to /project/6105494/sunset/VQ-Projects/VQ-Transplant/reconstruction/Refinement/ImageNet/mmd_vq_refinement_16384_8_False_3.txt
warming up TensorFlow...
computing reference batch activations...
computing/reading reference batch statistics...
computing sample batch activations...
computing/reading sample batch statistics...
Computing evaluations...
Inception Score: 216.9702606201172
FID: 0.42219978361970334
writing to /project/6105494/sunset/VQ-Projects/VQ-Transplant/reconstruction/Refinement/ImageNet/mmd_vq_refinement_16384_8_False_4.txt
warming up TensorFlow...
computing reference batch activations...
computing/reading reference batch statistics...
computing sample batch activations...
computing/reading sample batch statistics...
Computing evaluations...
Inception Score: 217.3814239501953
FID: 0.43449791255130776
writing to /project/6105494/sunset/VQ-Projects/VQ-Transplant/reconstruction/Refinement/ImageNet/mmd_vq_refinement_16384_8_False_5.txt
warming up TensorFlow...
computing reference batch activations...
computing/reading reference batch statistics...
computing sample batch activations...
computing/reading sample batch statistics...
Computing evaluations...
Inception Score: 147.3979949951172
FID: 3.4795588134572313
writing to /project/6105494/sunset/VQ-Projects/VQ-Transplant/reconstruction/Refinement/ImageNet/mmd_vq_refinement_16384_1_False_1.txt
warming up TensorFlow...
computing reference batch activations...
computing/reading reference batch statistics...
computing sample batch activations...
computing/reading sample batch statistics...
Computing evaluations...
Inception Score: 148.06338500976562
FID: 3.3267175801231588
writing to /project/6105494/sunset/VQ-Projects/VQ-Transplant/reconstruction/Refinement/ImageNet/mmd_vq_refinement_16384_1_False_2.txt
warming up TensorFlow...
computing reference batch activations...
computing/reading reference batch statistics...
computing sample batch activations...
computing/reading sample batch statistics...
Computing evaluations...
Inception Score: 148.73748779296875
FID: 3.213763224514878
writing to /project/6105494/sunset/VQ-Projects/VQ-Transplant/reconstruction/Refinement/ImageNet/mmd_vq_refinement_16384_1_False_3.txt
warming up TensorFlow...
computing reference batch activations...
computing/reading reference batch statistics...
computing sample batch activations...
computing/reading sample batch statistics...
Computing evaluations...
Inception Score: 148.9526824951172
FID: 3.0645874586683703
writing to /project/6105494/sunset/VQ-Projects/VQ-Transplant/reconstruction/Refinement/ImageNet/mmd_vq_refinement_16384_1_False_4.txt
