warming up TensorFlow...
computing reference batch activations...
computing/reading reference batch statistics...
computing sample batch activations...
computing/reading sample batch statistics...
Computing evaluations...
Inception Score: 166.588623046875
FID: 2.3118719340325242
writing to /project/6105494/sunset/VQ-Projects/VQ-Transplant2/reconstruction/Refinement/ImageNet/mmd_vq_refinement_1024_False_1.txt
warming up TensorFlow...
computing reference batch activations...
computing/reading reference batch statistics...
computing sample batch activations...
computing/reading sample batch statistics...
Computing evaluations...
Inception Score: 167.7119140625
FID: 2.2351938658581503
writing to /project/6105494/sunset/VQ-Projects/VQ-Transplant2/reconstruction/Refinement/ImageNet/mmd_vq_refinement_1024_False_2.txt
warming up TensorFlow...
computing reference batch activations...
computing/reading reference batch statistics...
computing sample batch activations...
computing/reading sample batch statistics...
Computing evaluations...
Inception Score: 168.93960571289062
FID: 2.082073566203178
writing to /project/6105494/sunset/VQ-Projects/VQ-Transplant2/reconstruction/Refinement/ImageNet/mmd_vq_refinement_1024_False_3.txt
warming up TensorFlow...
computing reference batch activations...
computing/reading reference batch statistics...
computing sample batch activations...
computing/reading sample batch statistics...
Computing evaluations...
Inception Score: 168.8775177001953
FID: 2.045822118383853
writing to /project/6105494/sunset/VQ-Projects/VQ-Transplant2/reconstruction/Refinement/ImageNet/mmd_vq_refinement_1024_False_4.txt
warming up TensorFlow...
computing reference batch activations...
computing/reading reference batch statistics...
computing sample batch activations...
computing/reading sample batch statistics...
Computing evaluations...
Inception Score: 169.8009490966797
FID: 1.8985441855297154
writing to /project/6105494/sunset/VQ-Projects/VQ-Transplant2/reconstruction/Refinement/ImageNet/mmd_vq_refinement_1024_False_5.txt
warming up TensorFlow...
computing reference batch activations...
computing/reading reference batch statistics...
computing sample batch activations...
computing/reading sample batch statistics...
Computing evaluations...
Inception Score: 174.67291259765625
FID: 1.7743671869844775
writing to /project/6105494/sunset/VQ-Projects/VQ-Transplant2/reconstruction/Refinement/ImageNet/mmd_vq_refinement_2048_False_1.txt
warming up TensorFlow...
computing reference batch activations...
computing/reading reference batch statistics...
computing sample batch activations...
computing/reading sample batch statistics...
Computing evaluations...
Inception Score: 176.15829467773438
FID: 1.7260473247989125
writing to /project/6105494/sunset/VQ-Projects/VQ-Transplant2/reconstruction/Refinement/ImageNet/mmd_vq_refinement_2048_False_2.txt
warming up TensorFlow...
computing reference batch activations...
computing/reading reference batch statistics...
computing sample batch activations...
computing/reading sample batch statistics...
Computing evaluations...
Inception Score: 176.35044860839844
FID: 1.6546926801022437
writing to /project/6105494/sunset/VQ-Projects/VQ-Transplant2/reconstruction/Refinement/ImageNet/mmd_vq_refinement_2048_False_3.txt
warming up TensorFlow...
computing reference batch activations...
computing/reading reference batch statistics...
computing sample batch activations...
computing/reading sample batch statistics...
Computing evaluations...
Inception Score: 175.4317169189453
FID: 1.7257846315180814
writing to /project/6105494/sunset/VQ-Projects/VQ-Transplant2/reconstruction/Refinement/ImageNet/mmd_vq_refinement_2048_False_4.txt
warming up TensorFlow...
computing reference batch activations...
computing/reading reference batch statistics...
computing sample batch activations...
computing/reading sample batch statistics...
Computing evaluations...
Inception Score: 176.6200714111328
FID: 1.6298443856720723
writing to /project/6105494/sunset/VQ-Projects/VQ-Transplant2/reconstruction/Refinement/ImageNet/mmd_vq_refinement_2048_False_5.txt
warming up TensorFlow...
computing reference batch activations...
computing/reading reference batch statistics...
computing sample batch activations...
computing/reading sample batch statistics...
Computing evaluations...
Inception Score: 183.714111328125
FID: 1.4576622033271178
writing to /project/6105494/sunset/VQ-Projects/VQ-Transplant2/reconstruction/Refinement/ImageNet/mmd_vq_refinement_4096_False_1.txt
warming up TensorFlow...
computing reference batch activations...
computing/reading reference batch statistics...
computing sample batch activations...
computing/reading sample batch statistics...
Computing evaluations...
Inception Score: 182.78646850585938
FID: 1.4429888179407158
writing to /project/6105494/sunset/VQ-Projects/VQ-Transplant2/reconstruction/Refinement/ImageNet/mmd_vq_refinement_4096_False_2.txt
warming up TensorFlow...
computing reference batch activations...
computing/reading reference batch statistics...
computing sample batch activations...
computing/reading sample batch statistics...
Computing evaluations...
Inception Score: 185.11561584472656
FID: 1.277851574201577
writing to /project/6105494/sunset/VQ-Projects/VQ-Transplant2/reconstruction/Refinement/ImageNet/mmd_vq_refinement_4096_False_3.txt
warming up TensorFlow...
computing reference batch activations...
computing/reading reference batch statistics...
computing sample batch activations...
computing/reading sample batch statistics...
Computing evaluations...
Inception Score: 183.6851806640625
FID: 1.325281982253557
writing to /project/6105494/sunset/VQ-Projects/VQ-Transplant2/reconstruction/Refinement/ImageNet/mmd_vq_refinement_4096_False_4.txt
warming up TensorFlow...
computing reference batch activations...
computing/reading reference batch statistics...
computing sample batch activations...
computing/reading sample batch statistics...
Computing evaluations...
Inception Score: 183.10385131835938
FID: 1.3230294449048756
writing to /project/6105494/sunset/VQ-Projects/VQ-Transplant2/reconstruction/Refinement/ImageNet/mmd_vq_refinement_4096_False_5.txt
warming up TensorFlow...
computing reference batch activations...
computing/reading reference batch statistics...
computing sample batch activations...
computing/reading sample batch statistics...
Computing evaluations...
Inception Score: 188.24221801757812
FID: 1.2656189945853953
writing to /project/6105494/sunset/VQ-Projects/VQ-Transplant2/reconstruction/Refinement/ImageNet/mmd_vq_refinement_8192_False_1.txt
warming up TensorFlow...
computing reference batch activations...
computing/reading reference batch statistics...
computing sample batch activations...
computing/reading sample batch statistics...
Computing evaluations...
Inception Score: 185.77182006835938
FID: 1.3258631566970394
writing to /project/6105494/sunset/VQ-Projects/VQ-Transplant2/reconstruction/Refinement/ImageNet/mmd_vq_refinement_8192_False_2.txt
warming up TensorFlow...
computing reference batch activations...
computing/reading reference batch statistics...
computing sample batch activations...
computing/reading sample batch statistics...
Computing evaluations...
Inception Score: 189.21060180664062
FID: 1.1929229236266679
writing to /project/6105494/sunset/VQ-Projects/VQ-Transplant2/reconstruction/Refinement/ImageNet/mmd_vq_refinement_8192_False_3.txt
warming up TensorFlow...
computing reference batch activations...
computing/reading reference batch statistics...
computing sample batch activations...
computing/reading sample batch statistics...
Computing evaluations...
Inception Score: 188.91220092773438
FID: 1.210666935473796
writing to /project/6105494/sunset/VQ-Projects/VQ-Transplant2/reconstruction/Refinement/ImageNet/mmd_vq_refinement_8192_False_4.txt
warming up TensorFlow...
computing reference batch activations...
computing/reading reference batch statistics...
computing sample batch activations...
computing/reading sample batch statistics...
Computing evaluations...
Inception Score: 187.8556365966797
FID: 1.1760812321513754
writing to /project/6105494/sunset/VQ-Projects/VQ-Transplant2/reconstruction/Refinement/ImageNet/mmd_vq_refinement_8192_False_5.txt
