warming up TensorFlow...
computing reference batch activations...
computing/reading reference batch statistics...
computing sample batch activations...
computing/reading sample batch statistics...
Computing evaluations...
Inception Score: 193.47186279296875
FID: 1.03944809950616
writing to /project/6105494/sunset/VQ-Projects/VQ-Transplant/reconstruction/Refinement/ImageNet/ema_vq_refinement_2_1.txt
warming up TensorFlow...
computing reference batch activations...
computing/reading reference batch statistics...
computing sample batch activations...
computing/reading sample batch statistics...
Computing evaluations...
Inception Score: 192.99600219726562
FID: 1.0314592987799642
writing to /project/6105494/sunset/VQ-Projects/VQ-Transplant/reconstruction/Refinement/ImageNet/ema_vq_refinement_2_2.txt
warming up TensorFlow...
computing reference batch activations...
computing/reading reference batch statistics...
computing sample batch activations...
computing/reading sample batch statistics...
Computing evaluations...
Inception Score: 195.45474243164062
FID: 0.9284532824805183
writing to /project/6105494/sunset/VQ-Projects/VQ-Transplant/reconstruction/Refinement/ImageNet/ema_vq_refinement_2_3.txt
warming up TensorFlow...
computing reference batch activations...
computing/reading reference batch statistics...
computing sample batch activations...
computing/reading sample batch statistics...
Computing evaluations...
Inception Score: 195.39718627929688
FID: 0.9487228163141026
writing to /project/6105494/sunset/VQ-Projects/VQ-Transplant/reconstruction/Refinement/ImageNet/ema_vq_refinement_2_4.txt
warming up TensorFlow...
computing reference batch activations...
computing/reading reference batch statistics...
computing sample batch activations...
computing/reading sample batch statistics...
Computing evaluations...
Inception Score: 195.4498748779297
FID: 0.9275374272982708
writing to /project/6105494/sunset/VQ-Projects/VQ-Transplant/reconstruction/Refinement/ImageNet/ema_vq_refinement_2_5.txt
warming up TensorFlow...
computing reference batch activations...
computing/reading reference batch statistics...
computing sample batch activations...
computing/reading sample batch statistics...
Computing evaluations...
Inception Score: 195.1173858642578
FID: 1.0343683739558287
writing to /project/6105494/sunset/VQ-Projects/VQ-Transplant/reconstruction/Refinement/ImageNet/mmd_vq_refinement_2_1.txt
warming up TensorFlow...
computing reference batch activations...
computing/reading reference batch statistics...
computing sample batch activations...
computing/reading sample batch statistics...
Computing evaluations...
Inception Score: 194.77072143554688
FID: 1.0239004760629768
writing to /project/6105494/sunset/VQ-Projects/VQ-Transplant/reconstruction/Refinement/ImageNet/mmd_vq_refinement_2_2.txt
warming up TensorFlow...
computing reference batch activations...
computing/reading reference batch statistics...
computing sample batch activations...
computing/reading sample batch statistics...
Computing evaluations...
Inception Score: 195.59695434570312
FID: 0.9732679614069752
writing to /project/6105494/sunset/VQ-Projects/VQ-Transplant/reconstruction/Refinement/ImageNet/mmd_vq_refinement_2_3.txt
warming up TensorFlow...
computing reference batch activations...
computing/reading reference batch statistics...
computing sample batch activations...
computing/reading sample batch statistics...
Computing evaluations...
Inception Score: 194.94876098632812
FID: 0.9862439025473009
writing to /project/6105494/sunset/VQ-Projects/VQ-Transplant/reconstruction/Refinement/ImageNet/mmd_vq_refinement_2_4.txt
warming up TensorFlow...
computing reference batch activations...
computing/reading reference batch statistics...
computing sample batch activations...
computing/reading sample batch statistics...
Computing evaluations...
Inception Score: 196.14878845214844
FID: 0.9516092206341114
writing to /project/6105494/sunset/VQ-Projects/VQ-Transplant/reconstruction/Refinement/ImageNet/mmd_vq_refinement_2_5.txt
warming up TensorFlow...
computing reference batch activations...
computing/reading reference batch statistics...
computing sample batch activations...
computing/reading sample batch statistics...
Computing evaluations...
Inception Score: 195.0317840576172
FID: 1.003283609717073
writing to /project/6105494/sunset/VQ-Projects/VQ-Transplant/reconstruction/Refinement/ImageNet/online_vq_refinement_2_1.txt
warming up TensorFlow...
computing reference batch activations...
computing/reading reference batch statistics...
computing sample batch activations...
computing/reading sample batch statistics...
Computing evaluations...
Inception Score: 194.05601501464844
FID: 1.0137299057363407
writing to /project/6105494/sunset/VQ-Projects/VQ-Transplant/reconstruction/Refinement/ImageNet/online_vq_refinement_2_2.txt
warming up TensorFlow...
computing reference batch activations...
computing/reading reference batch statistics...
computing sample batch activations...
computing/reading sample batch statistics...
Computing evaluations...
Inception Score: 195.28677368164062
FID: 0.9561960350664549
writing to /project/6105494/sunset/VQ-Projects/VQ-Transplant/reconstruction/Refinement/ImageNet/online_vq_refinement_2_3.txt
warming up TensorFlow...
computing reference batch activations...
computing/reading reference batch statistics...
computing sample batch activations...
computing/reading sample batch statistics...
Computing evaluations...
Inception Score: 195.34933471679688
FID: 0.9512891255590716
writing to /project/6105494/sunset/VQ-Projects/VQ-Transplant/reconstruction/Refinement/ImageNet/online_vq_refinement_2_4.txt
warming up TensorFlow...
computing reference batch activations...
computing/reading reference batch statistics...
computing sample batch activations...
computing/reading sample batch statistics...
Computing evaluations...
Inception Score: 194.64450073242188
FID: 0.9672278489264272
writing to /project/6105494/sunset/VQ-Projects/VQ-Transplant/reconstruction/Refinement/ImageNet/online_vq_refinement_2_5.txt
warming up TensorFlow...
computing reference batch activations...
computing/reading reference batch statistics...
computing sample batch activations...
computing/reading sample batch statistics...
Computing evaluations...
Inception Score: 190.68495178222656
FID: 1.1350402234020294
writing to /project/6105494/sunset/VQ-Projects/VQ-Transplant/reconstruction/Refinement/ImageNet/vanilla_vq_refinement_2_1.txt
warming up TensorFlow...
computing reference batch activations...
computing/reading reference batch statistics...
computing sample batch activations...
computing/reading sample batch statistics...
Computing evaluations...
Inception Score: 190.0885009765625
FID: 1.1347280007185532
writing to /project/6105494/sunset/VQ-Projects/VQ-Transplant/reconstruction/Refinement/ImageNet/vanilla_vq_refinement_2_2.txt
warming up TensorFlow...
computing reference batch activations...
computing/reading reference batch statistics...
computing sample batch activations...
computing/reading sample batch statistics...
Computing evaluations...
Inception Score: 191.66995239257812
FID: 1.0698141211162238
writing to /project/6105494/sunset/VQ-Projects/VQ-Transplant/reconstruction/Refinement/ImageNet/vanilla_vq_refinement_2_3.txt
warming up TensorFlow...
computing reference batch activations...
computing/reading reference batch statistics...
computing sample batch activations...
computing/reading sample batch statistics...
Computing evaluations...
Inception Score: 190.9668426513672
FID: 1.0637706909171811
writing to /project/6105494/sunset/VQ-Projects/VQ-Transplant/reconstruction/Refinement/ImageNet/vanilla_vq_refinement_2_4.txt
warming up TensorFlow...
computing reference batch activations...
computing/reading reference batch statistics...
computing sample batch activations...
computing/reading sample batch statistics...
Computing evaluations...
Inception Score: 191.03038024902344
FID: 1.0901692201716173
writing to /project/6105494/sunset/VQ-Projects/VQ-Transplant/reconstruction/Refinement/ImageNet/vanilla_vq_refinement_2_5.txt
warming up TensorFlow...
computing reference batch activations...
computing/reading reference batch statistics...
computing sample batch activations...
computing/reading sample batch statistics...
Computing evaluations...
Inception Score: 192.61724853515625
FID: 1.0883600026886597
writing to /project/6105494/sunset/VQ-Projects/VQ-Transplant/reconstruction/Refinement/ImageNet/wasserstein_vq_refinement_2_1.txt
warming up TensorFlow...
computing reference batch activations...
computing/reading reference batch statistics...
computing sample batch activations...
computing/reading sample batch statistics...
Computing evaluations...
Inception Score: 192.3421630859375
FID: 1.0889060077179806
writing to /project/6105494/sunset/VQ-Projects/VQ-Transplant/reconstruction/Refinement/ImageNet/wasserstein_vq_refinement_2_2.txt
warming up TensorFlow...
computing reference batch activations...
computing/reading reference batch statistics...
computing sample batch activations...
computing/reading sample batch statistics...
Computing evaluations...
Inception Score: 193.2241973876953
FID: 0.995841427110804
writing to /project/6105494/sunset/VQ-Projects/VQ-Transplant/reconstruction/Refinement/ImageNet/wasserstein_vq_refinement_2_3.txt
warming up TensorFlow...
computing reference batch activations...
computing/reading reference batch statistics...
computing sample batch activations...
computing/reading sample batch statistics...
Computing evaluations...
Inception Score: 193.0574493408203
FID: 0.9973347489396929
writing to /project/6105494/sunset/VQ-Projects/VQ-Transplant/reconstruction/Refinement/ImageNet/wasserstein_vq_refinement_2_4.txt
warming up TensorFlow...
computing reference batch activations...
computing/reading reference batch statistics...
computing sample batch activations...
computing/reading sample batch statistics...
Computing evaluations...
Inception Score: 193.51821899414062
FID: 0.9936679823622399
writing to /project/6105494/sunset/VQ-Projects/VQ-Transplant/reconstruction/Refinement/ImageNet/wasserstein_vq_refinement_2_5.txt
