warming up TensorFlow...
computing reference batch activations...
computing/reading reference batch statistics...
computing sample batch activations...
computing/reading sample batch statistics...
Computing evaluations...
Inception Score: 167.18392944335938
FID: 2.7860169070268626
writing to /project/6105494/sunset/VQ-Projects/VQ-Transplant/reconstruction/Transplant/ImageNet/fsq_transplant_8_4.txt
warming up TensorFlow...
computing reference batch activations...
computing/reading reference batch statistics...
computing sample batch activations...
computing/reading sample batch statistics...
Computing evaluations...
Inception Score: 176.19522094726562
FID: 2.153918970770519
writing to /project/6105494/sunset/VQ-Projects/VQ-Transplant/reconstruction/Transplant/ImageNet/lfq_transplant_16_2.txt
warming up TensorFlow...
computing reference batch activations...
computing/reading reference batch statistics...
computing sample batch activations...
computing/reading sample batch statistics...
Computing evaluations...
Inception Score: 182.14987182617188
FID: 1.9590641260684833
writing to /project/6105494/sunset/VQ-Projects/VQ-Transplant/reconstruction/Transplant/ImageNet/bsq_transplant_16_2.txt
