warming up TensorFlow...
computing reference batch activations...
computing/reading reference batch statistics...
computing sample batch activations...
computing/reading sample batch statistics...
Computing evaluations...
Inception Score: 167.64218139648438
FID: 2.682434131659022
writing to /project/6105494/sunset/VQ-Projects/VQ-Transplant2/reconstruction/Transplant/ImageNet/mmd_vq_transplant_1024_False.txt
warming up TensorFlow...
computing reference batch activations...
computing/reading reference batch statistics...
computing sample batch activations...
computing/reading sample batch statistics...
Computing evaluations...
Inception Score: 168.84104919433594
FID: 2.5949848190221587
writing to /project/6105494/sunset/VQ-Projects/VQ-Transplant2/reconstruction/Transplant/ImageNet/mmd_vq_transplant_2048_False.txt
warming up TensorFlow...
computing reference batch activations...
computing/reading reference batch statistics...
computing sample batch activations...
computing/reading sample batch statistics...
Computing evaluations...
Inception Score: 178.0463409423828
FID: 1.964514036337789
writing to /project/6105494/sunset/VQ-Projects/VQ-Transplant2/reconstruction/Transplant/ImageNet/mmd_vq_transplant_4096_False.txt
warming up TensorFlow...
computing reference batch activations...
computing/reading reference batch statistics...
computing sample batch activations...
computing/reading sample batch statistics...
Computing evaluations...
Inception Score: 181.04603576660156
FID: 1.84746370746484
writing to /project/6105494/sunset/VQ-Projects/VQ-Transplant2/reconstruction/Transplant/ImageNet/mmd_vq_transplant_8192_False.txt
