warming up TensorFlow...
computing reference batch activations...
computing/reading reference batch statistics...
computing sample batch activations...
computing/reading sample batch statistics...
Computing evaluations...
Inception Score: 141.3697967529297
FID: 4.91406497355365
writing to /project/6105494/sunset/VQ-Projects/VQ-Transplant/reconstruction/Transplant/ImageNet/mmd_vq_transplant_16384_1_False.txt
warming up TensorFlow...
computing reference batch activations...
computing/reading reference batch statistics...
computing sample batch activations...
computing/reading sample batch statistics...
Computing evaluations...
Inception Score: 191.69046020507812
FID: 2.011506227321206
writing to /project/6105494/sunset/VQ-Projects/VQ-Transplant/reconstruction/Transplant/ImageNet/mmd_vq_transplant_16384_4_False.txt
warming up TensorFlow...
computing reference batch activations...
computing/reading reference batch statistics...
computing sample batch activations...
computing/reading sample batch statistics...
Computing evaluations...
Inception Score: 192.24551391601562
FID: 2.361256289318135
writing to /project/6105494/sunset/VQ-Projects/VQ-Transplant/reconstruction/Transplant/ImageNet/mmd_vq_transplant_16384_8_False.txt
