warming up TensorFlow...
computing reference batch activations...
computing/reading reference batch statistics...
computing sample batch activations...
computing/reading sample batch statistics...
Computing evaluations...
Inception Score: 174.97732543945312
FID: 1.8011946752613426
writing to /project/6105494/sunset/VQ-Projects/VQ-Transplant/reconstruction/Refinement/ImageNet/fsq_refinement_8_4_1.txt
warming up TensorFlow...
computing reference batch activations...
computing/reading reference batch statistics...
computing sample batch activations...
computing/reading sample batch statistics...
Computing evaluations...
Inception Score: 175.87538146972656
FID: 1.6879516696042742
writing to /project/6105494/sunset/VQ-Projects/VQ-Transplant/reconstruction/Refinement/ImageNet/fsq_refinement_8_4_2.txt
warming up TensorFlow...
computing reference batch activations...
computing/reading reference batch statistics...
computing sample batch activations...
computing/reading sample batch statistics...
Computing evaluations...
Inception Score: 177.46841430664062
FID: 1.6050913488790002
writing to /project/6105494/sunset/VQ-Projects/VQ-Transplant/reconstruction/Refinement/ImageNet/fsq_refinement_8_4_3.txt
warming up TensorFlow...
computing reference batch activations...
computing/reading reference batch statistics...
computing sample batch activations...
computing/reading sample batch statistics...
Computing evaluations...
Inception Score: 177.96273803710938
FID: 1.6022401626916007
writing to /project/6105494/sunset/VQ-Projects/VQ-Transplant/reconstruction/Refinement/ImageNet/fsq_refinement_8_4_4.txt
warming up TensorFlow...
computing reference batch activations...
computing/reading reference batch statistics...
computing sample batch activations...
computing/reading sample batch statistics...
Computing evaluations...
Inception Score: 179.31594848632812
FID: 1.5241237146964295
writing to /project/6105494/sunset/VQ-Projects/VQ-Transplant/reconstruction/Refinement/ImageNet/fsq_refinement_8_4_5.txt
warming up TensorFlow...
computing reference batch activations...
computing/reading reference batch statistics...
computing sample batch activations...
computing/reading sample batch statistics...
Computing evaluations...
Inception Score: 180.0496368408203
FID: 1.560951732148908
writing to /project/6105494/sunset/VQ-Projects/VQ-Transplant/reconstruction/Refinement/ImageNet/lfq_refinement_16_2_1.txt
warming up TensorFlow...
computing reference batch activations...
computing/reading reference batch statistics...
computing sample batch activations...
computing/reading sample batch statistics...
Computing evaluations...
Inception Score: 181.59315490722656
FID: 1.4923285393557535
writing to /project/6105494/sunset/VQ-Projects/VQ-Transplant/reconstruction/Refinement/ImageNet/lfq_refinement_16_2_2.txt
warming up TensorFlow...
computing reference batch activations...
computing/reading reference batch statistics...
computing sample batch activations...
computing/reading sample batch statistics...
Computing evaluations...
Inception Score: 182.27627563476562
FID: 1.3583005507204007
writing to /project/6105494/sunset/VQ-Projects/VQ-Transplant/reconstruction/Refinement/ImageNet/lfq_refinement_16_2_3.txt
warming up TensorFlow...
computing reference batch activations...
computing/reading reference batch statistics...
computing sample batch activations...
computing/reading sample batch statistics...
Computing evaluations...
Inception Score: 182.35340881347656
FID: 1.3344759383596738
writing to /project/6105494/sunset/VQ-Projects/VQ-Transplant/reconstruction/Refinement/ImageNet/lfq_refinement_16_2_4.txt
warming up TensorFlow...
computing reference batch activations...
computing/reading reference batch statistics...
computing sample batch activations...
computing/reading sample batch statistics...
Computing evaluations...
Inception Score: 183.20529174804688
FID: 1.2951354587031574
writing to /project/6105494/sunset/VQ-Projects/VQ-Transplant/reconstruction/Refinement/ImageNet/lfq_refinement_16_2_5.txt
warming up TensorFlow...
computing reference batch activations...
computing/reading reference batch statistics...
computing sample batch activations...
computing/reading sample batch statistics...
Computing evaluations...
Inception Score: 188.93605041503906
FID: 1.2498411087283898
writing to /project/6105494/sunset/VQ-Projects/VQ-Transplant/reconstruction/Refinement/ImageNet/bsq_refinement_16_2_1.txt
warming up TensorFlow...
computing reference batch activations...
computing/reading reference batch statistics...
computing sample batch activations...
computing/reading sample batch statistics...
Computing evaluations...
Inception Score: 189.64736938476562
FID: 1.1951160196017554
writing to /project/6105494/sunset/VQ-Projects/VQ-Transplant/reconstruction/Refinement/ImageNet/bsq_refinement_16_2_2.txt
warming up TensorFlow...
computing reference batch activations...
computing/reading reference batch statistics...
computing sample batch activations...
computing/reading sample batch statistics...
Computing evaluations...
Inception Score: 190.46607971191406
FID: 1.1307155135901894
writing to /project/6105494/sunset/VQ-Projects/VQ-Transplant/reconstruction/Refinement/ImageNet/bsq_refinement_16_2_3.txt
warming up TensorFlow...
computing reference batch activations...
computing/reading reference batch statistics...
computing sample batch activations...
computing/reading sample batch statistics...
Computing evaluations...
Inception Score: 191.03773498535156
FID: 1.0987046352118455
writing to /project/6105494/sunset/VQ-Projects/VQ-Transplant/reconstruction/Refinement/ImageNet/bsq_refinement_16_2_4.txt
warming up TensorFlow...
computing reference batch activations...
computing/reading reference batch statistics...
computing sample batch activations...
computing/reading sample batch statistics...
Computing evaluations...
Inception Score: 190.79885864257812
FID: 1.0670976490787893
writing to /project/6105494/sunset/VQ-Projects/VQ-Transplant/reconstruction/Refinement/ImageNet/bsq_refinement_16_2_5.txt
